C:/Users/karti/Desktop/AESD/RTOS_project_101124/DMA_ADC/dma_adc.h:23:5:_write	32	static
C:/Users/karti/Desktop/AESD/RTOS_project_101124/DMA_ADC/dma_adc.h:37:20:process_adc_buffer	32	static
C:/Users/karti/Desktop/AESD/RTOS_project_101124/UART/UART.h:14:5:bufsize	24	static
C:/Users/karti/Desktop/AESD/RTOS_project_101124/UART/UART.h:20:6:buffclear	24	static
C:/Users/karti/Desktop/AESD/RTOS_project_101124/UART/UART.h:27:6:send_uart	24	static
../Core/Src/main.c:154:5:main	16	static
../Core/Src/main.c:261:6:SystemClock_Config	88	static
../Core/Src/main.c:311:13:MX_ADC1_Init	24	static
../Core/Src/main.c:372:13:MX_ADC2_Init	24	static
../Core/Src/main.c:424:13:MX_I2C1_Init	8	static
../Core/Src/main.c:458:13:MX_RTC_Init	72	static
../Core/Src/main.c:540:13:MX_SPI2_Init	8	static
../Core/Src/main.c:578:13:MX_TIM3_Init	32	static
../Core/Src/main.c:623:13:MX_TIM11_Init	8	static
../Core/Src/main.c:654:13:MX_USART2_UART_Init	8	static
../Core/Src/main.c:685:13:MX_DMA_Init	16	static
../Core/Src/main.c:703:13:MX_GPIO_Init	48	static
../Core/Src/main.c:756:6:MX_FREERTOS_Init	8	static
../Core/Src/main.c:763:6:send_OLED	16	static
../Core/Src/main.c:770:6:vUARTtask	24	static
../Core/Src/main.c:780:6:vSwitchtask	40	static
../Core/Src/main.c:806:6:vInternalTemptask	16	static
../Core/Src/main.c:821:6:vRCWLtask	24	static
../Core/Src/main.c:835:6:vRTCtask	144	static
../Core/Src/main.c:854:6:vMQ135task	24	static
../Core/Src/main.c:900:6:vTimerCallback	24	static
../Core/Src/main.c:913:6:HAL_ADC_ConvHalfCpltCallback	16	static
../Core/Src/main.c:917:6:HAL_ADC_ConvCpltCallback	16	static
../Core/Src/main.c:921:6:HAL_GPIO_EXTI_Callback	24	static,ignoring_inline_asm
../Core/Src/main.c:940:6:StartDefaultTask	16	static
../Core/Src/main.c:959:6:HAL_TIM_PeriodElapsedCallback	16	static
../Core/Src/main.c:982:6:Error_Handler	4	static,ignoring_inline_asm
