Archive member included to satisfy reference by file (symbol)

C:/ST/STM32CubeIDE_1.13.1/STM32CubeIDE/plugins/com.st.stm32cube.ide.mcu.externaltools.gnu-tools-for-stm32.11.3.rel1.win32_1.1.0.202305231506/tools/bin/../lib/gcc/arm-none-eabi/11.3.1/../../../../arm-none-eabi/lib/thumb/v7e-m+fp/hard\libc_nano.a(libc_a-exit.o)
                              C:/ST/STM32CubeIDE_1.13.1/STM32CubeIDE/plugins/com.st.stm32cube.ide.mcu.externaltools.gnu-tools-for-stm32.11.3.rel1.win32_1.1.0.202305231506/tools/bin/../lib/gcc/arm-none-eabi/11.3.1/../../../../arm-none-eabi/lib/thumb/v7e-m+fp/hard/crt0.o (exit)
C:/ST/STM32CubeIDE_1.13.1/STM32CubeIDE/plugins/com.st.stm32cube.ide.mcu.externaltools.gnu-tools-for-stm32.11.3.rel1.win32_1.1.0.202305231506/tools/bin/../lib/gcc/arm-none-eabi/11.3.1/../../../../arm-none-eabi/lib/thumb/v7e-m+fp/hard\libc_nano.a(libc_a-nano-vfprintf_float.o)
                              (_printf_float)
C:/ST/STM32CubeIDE_1.13.1/STM32CubeIDE/plugins/com.st.stm32cube.ide.mcu.externaltools.gnu-tools-for-stm32.11.3.rel1.win32_1.1.0.202305231506/tools/bin/../lib/gcc/arm-none-eabi/11.3.1/../../../../arm-none-eabi/lib/thumb/v7e-m+fp/hard\libc_nano.a(libc_a-nano-vfprintf_i.o)
                              C:/ST/STM32CubeIDE_1.13.1/STM32CubeIDE/plugins/com.st.stm32cube.ide.mcu.externaltools.gnu-tools-for-stm32.11.3.rel1.win32_1.1.0.202305231506/tools/bin/../lib/gcc/arm-none-eabi/11.3.1/../../../../arm-none-eabi/lib/thumb/v7e-m+fp/hard\libc_nano.a(libc_a-nano-vfprintf_float.o) (_printf_common)
C:/ST/STM32CubeIDE_1.13.1/STM32CubeIDE/plugins/com.st.stm32cube.ide.mcu.externaltools.gnu-tools-for-stm32.11.3.rel1.win32_1.1.0.202305231506/tools/bin/../lib/gcc/arm-none-eabi/11.3.1/../../../../arm-none-eabi/lib/thumb/v7e-m+fp/hard\libc_nano.a(libc_a-findfp.o)
                              ./Middlewares/Third_Party/FreeRTOS/Source/tasks.o (__sf)
C:/ST/STM32CubeIDE_1.13.1/STM32CubeIDE/plugins/com.st.stm32cube.ide.mcu.externaltools.gnu-tools-for-stm32.11.3.rel1.win32_1.1.0.202305231506/tools/bin/../lib/gcc/arm-none-eabi/11.3.1/../../../../arm-none-eabi/lib/thumb/v7e-m+fp/hard\libc_nano.a(libc_a-fwalk.o)
                              C:/ST/STM32CubeIDE_1.13.1/STM32CubeIDE/plugins/com.st.stm32cube.ide.mcu.externaltools.gnu-tools-for-stm32.11.3.rel1.win32_1.1.0.202305231506/tools/bin/../lib/gcc/arm-none-eabi/11.3.1/../../../../arm-none-eabi/lib/thumb/v7e-m+fp/hard\libc_nano.a(libc_a-findfp.o) (_fwalk_sglue)
C:/ST/STM32CubeIDE_1.13.1/STM32CubeIDE/plugins/com.st.stm32cube.ide.mcu.externaltools.gnu-tools-for-stm32.11.3.rel1.win32_1.1.0.202305231506/tools/bin/../lib/gcc/arm-none-eabi/11.3.1/../../../../arm-none-eabi/lib/thumb/v7e-m+fp/hard\libc_nano.a(libc_a-sprintf.o)
                              ./Core/Src/main.o (sprintf)
C:/ST/STM32CubeIDE_1.13.1/STM32CubeIDE/plugins/com.st.stm32cube.ide.mcu.externaltools.gnu-tools-for-stm32.11.3.rel1.win32_1.1.0.202305231506/tools/bin/../lib/gcc/arm-none-eabi/11.3.1/../../../../arm-none-eabi/lib/thumb/v7e-m+fp/hard\libc_nano.a(libc_a-stdio.o)
                              C:/ST/STM32CubeIDE_1.13.1/STM32CubeIDE/plugins/com.st.stm32cube.ide.mcu.externaltools.gnu-tools-for-stm32.11.3.rel1.win32_1.1.0.202305231506/tools/bin/../lib/gcc/arm-none-eabi/11.3.1/../../../../arm-none-eabi/lib/thumb/v7e-m+fp/hard\libc_nano.a(libc_a-findfp.o) (__sread)
C:/ST/STM32CubeIDE_1.13.1/STM32CubeIDE/plugins/com.st.stm32cube.ide.mcu.externaltools.gnu-tools-for-stm32.11.3.rel1.win32_1.1.0.202305231506/tools/bin/../lib/gcc/arm-none-eabi/11.3.1/../../../../arm-none-eabi/lib/thumb/v7e-m+fp/hard\libc_nano.a(libc_a-memset.o)
                              C:/ST/STM32CubeIDE_1.13.1/STM32CubeIDE/plugins/com.st.stm32cube.ide.mcu.externaltools.gnu-tools-for-stm32.11.3.rel1.win32_1.1.0.202305231506/tools/bin/../lib/gcc/arm-none-eabi/11.3.1/../../../../arm-none-eabi/lib/thumb/v7e-m+fp/hard/crt0.o (memset)
C:/ST/STM32CubeIDE_1.13.1/STM32CubeIDE/plugins/com.st.stm32cube.ide.mcu.externaltools.gnu-tools-for-stm32.11.3.rel1.win32_1.1.0.202305231506/tools/bin/../lib/gcc/arm-none-eabi/11.3.1/../../../../arm-none-eabi/lib/thumb/v7e-m+fp/hard\libc_nano.a(libc_a-localeconv.o)
                              C:/ST/STM32CubeIDE_1.13.1/STM32CubeIDE/plugins/com.st.stm32cube.ide.mcu.externaltools.gnu-tools-for-stm32.11.3.rel1.win32_1.1.0.202305231506/tools/bin/../lib/gcc/arm-none-eabi/11.3.1/../../../../arm-none-eabi/lib/thumb/v7e-m+fp/hard\libc_nano.a(libc_a-nano-vfprintf_float.o) (_localeconv_r)
C:/ST/STM32CubeIDE_1.13.1/STM32CubeIDE/plugins/com.st.stm32cube.ide.mcu.externaltools.gnu-tools-for-stm32.11.3.rel1.win32_1.1.0.202305231506/tools/bin/../lib/gcc/arm-none-eabi/11.3.1/../../../../arm-none-eabi/lib/thumb/v7e-m+fp/hard\libc_nano.a(libc_a-closer.o)
[...]
Memory Configuration

Name             Origin             Length             Attributes
RAM              0x0000000020000000 0x0000000000020000 xrw
FLASH            0x0000000008000000 0x0000000000080000 xr
*default*        0x0000000000000000 0xffffffffffffffff

Linker script and memory map

LOAD C:/ST/STM32CubeIDE_1.13.1/STM32CubeIDE/plugins/com.st.stm32cube.ide.mcu.externaltools.gnu-tools-for-stm32.11.3.rel1.win32_1.1.0.202305231506/tools/bin/../lib/gcc/arm-none-eabi/11.3.1/thumb/v7e-m+fp/hard/crti.o
LOAD C:/ST/STM32CubeIDE_1.13.1/STM32CubeIDE/plugins/com.st.stm32cube.ide.mcu.externaltools.gnu-tools-for-stm32.11.3.rel1.win32_1.1.0.202305231506/tools/bin/../lib/gcc/arm-none-eabi/11.3.1/thumb/v7e-m+fp/hard/crtbegin.o
LOAD C:/ST/STM32CubeIDE_1.13.1/STM32CubeIDE/plugins/com.st.stm32cube.ide.mcu.externaltools.gnu-tools-for-stm32.11.3.rel1.win32_1.1.0.202305231506/tools/bin/../lib/gcc/arm-none-eabi/11.3.1/../../../../arm-none-eabi/lib/thumb/v7e-m+fp/hard/crt0.o
LOAD ./Core/Src/freertos.o
LOAD ./Core/Src/main.o
LOAD ./Core/Src/stm32f4xx_hal_msp.o
LOAD ./Core/Src/stm32f4xx_hal_timebase_tim.o
LOAD ./Core/Src/stm32f4xx_it.o
LOAD ./Core/Src/sysmem.o
LOAD ./Core/Src/system_stm32f4xx.o
LOAD ./Core/Startup/startup_stm32f446retx.o
LOAD ./Drivers/STM32F4xx_HAL_Driver/Src/stm32f4xx_hal.o
LOAD ./Drivers/STM32F4xx_HAL_Driver/Src/stm32f4xx_hal_adc.o
LOAD ./Drivers/STM32F4xx_HAL_Driver/Src/stm32f4xx_hal_adc_ex.o
LOAD ./Drivers/STM32F4xx_HAL_Driver/Src/stm32f4xx_hal_cortex.o
LOAD ./Drivers/STM32F4xx_HAL_Driver/Src/stm32f4xx_hal_dma.o
LOAD ./Drivers/STM32F4xx_HAL_Driver/Src/stm32f4xx_hal_dma_ex.o
LOAD ./Drivers/STM32F4xx_HAL_Driver/Src/stm32f4xx_hal_exti.o
LOAD ./Drivers/STM32F4xx_HAL_Driver/Src/stm32f4xx_hal_flash.o
LOAD ./Drivers/STM32F4xx_HAL_Driver/Src/stm32f4xx_hal_flash_ex.o
LOAD ./Drivers/STM32F4xx_HAL_Driver/Src/stm32f4xx_hal_flash_ramfunc.o
LOAD ./Drivers/STM32F4xx_HAL_Driver/Src/stm32f4xx_hal_gpio.o
LOAD ./Drivers/STM32F4xx_HAL_Driver/Src/stm32f4xx_hal_i2c.o
LOAD ./Drivers/STM32F4xx_HAL_Driver/Src/stm32f4xx_hal_i2c_ex.o
LOAD ./Drivers/STM32F4xx_HAL_Driver/Src/stm32f4xx_hal_pwr.o
LOAD ./Drivers/STM32F4xx_HAL_Driver/Src/stm32f4xx_hal_pwr_ex.o
LOAD ./Drivers/STM32F4xx_HAL_Driver/Src/stm32f4xx_hal_rcc.o
LOAD ./Drivers/STM32F4xx_HAL_Driver/Src/stm32f4xx_hal_rcc_ex.o
LOAD ./Drivers/STM32F4xx_HAL_Driver/Src/stm32f4xx_hal_rtc.o
LOAD ./Drivers/STM32F4xx_HAL_Driver/Src/stm32f4xx_hal_rtc_ex.o
LOAD ./Drivers/STM32F4xx_HAL_Driver/Src/stm32f4xx_hal_spi.o
LOAD ./Drivers/STM32F4xx_HAL_Driver/Src/stm32f4xx_hal_tim.o
LOAD ./Drivers/STM32F4xx_HAL_Driver/Src/stm32f4xx_hal_tim_ex.o
LOAD ./Drivers/STM32F4xx_HAL_Driver/Src/stm32f4xx_hal_uart.o
LOAD ./Drivers/STM32F4xx_HAL_Driver/Src/stm32f4xx_ll_adc.o
LOAD ./FATFS/App/fatfs.o
LOAD ./FATFS/Target/user_diskio.o
LOAD ./Internal_Temp/Internal_Temp.o
LOAD ./Middlewares/Third_Party/FatFs/src/diskio.o
LOAD ./Middlewares/Third_Party/FatFs/src/ff.o
LOAD ./Middlewares/Third_Party/FatFs/src/ff_gen_drv.o
LOAD ./Middlewares/Third_Party/FatFs/src/option/ccsbcs.o
LOAD ./Middlewares/Third_Party/FatFs/src/option/syscall.o
LOAD ./Middlewares/Third_Party/FreeRTOS/Source/CMSIS_RTOS_V2/cmsis_os2.o
LOAD ./Middlewares/Third_Party/FreeRTOS/Source/croutine.o
LOAD ./Middlewares/Third_Party/FreeRTOS/Source/event_groups.o
LOAD ./Middlewares/Third_Party/FreeRTOS/Source/list.o
LOAD ./Middlewares/Third_Party/FreeRTOS/Source/queue.o
LOAD ./Middlewares/Third_Party/FreeRTOS/Source/stream_buffer.o
LOAD ./Middlewares/Third_Party/FreeRTOS/Source/tasks.o
LOAD ./Middlewares/Third_Party/FreeRTOS/Source/timers.o
LOAD ./Middlewares/Third_Party/FreeRTOS/Source/portable/GCC/ARM_CM4F/port.o
LOAD ./Middlewares/Third_Party/FreeRTOS/Source/portable/MemMang/heap_4.o
LOAD ./OLED/fonts.o
LOAD ./OLED/ssd1306.o
LOAD ./SD_card/fatfs_sd.o
LOAD ./UART/syscalls.o
START GROUP
LOAD C:/ST/STM32CubeIDE_1.13.1/STM32CubeIDE/plugins/com.st.stm32cube.ide.mcu.externaltools.gnu-tools-for-stm32.11.3.rel1.win32_1.1.0.202305231506/tools/bin/../lib/gcc/arm-none-eabi/11.3.1/../../../../arm-none-eabi/lib/thumb/v7e-m+fp/hard\libc_nano.a
LOAD C:/ST/STM32CubeIDE_1.13.1/STM32CubeIDE/plugins/com.st.stm32cube.ide.mcu.externaltools.gnu-tools-for-stm32.11.3.rel1.win32_1.1.0.202305231506/tools/bin/../lib/gcc/arm-none-eabi/11.3.1/../../../../arm-none-eabi/lib/thumb/v7e-m+fp/hard\libm.a
END GROUP
START GROUP
LOAD C:/ST/STM32CubeIDE_1.13.1/STM32CubeIDE/plugins/com.st.stm32cube.ide.mcu.externaltools.gnu-tools-for-stm32.11.3.rel1.win32_1.1.0.202305231506/tools/bin/../lib/gcc/arm-none-eabi/11.3.1/thumb/v7e-m+fp/hard\libgcc.a
LOAD C:/ST/STM32CubeIDE_1.13.1/STM32CubeIDE/plugins/com.st.stm32cube.ide.mcu.externaltools.gnu-tools-for-stm32.11.3.rel1.win32_1.1.0.202305231506/tools/bin/../lib/gcc/arm-none-eabi/11.3.1/../../../../arm-none-eabi/lib/thumb/v7e-m+fp/hard\libc_nano.a
END GROUP
START GROUP
LOAD C:/ST/STM32CubeIDE_1.13.1/STM32CubeIDE/plugins/com.st.stm32cube.ide.mcu.externaltools.gnu-tools-for-stm32.11.3.rel1.win32_1.1.0.202305231506/tools/bin/../lib/gcc/arm-none-eabi/11.3.1/thumb/v7e-m+fp/hard\libgcc.a
LOAD C:/ST/STM32CubeIDE_1.13.1/STM32CubeIDE/plugins/com.st.stm32cube.ide.mcu.externaltools.gnu-tools-for-stm32.11.3.rel1.win32_1.1.0.202305231506/tools/bin/../lib/gcc/arm-none-eabi/11.3.1/../../../../arm-none-eabi/lib/thumb/v7e-m+fp/hard\libc_nano.a
LOAD C:/ST/STM32CubeIDE_1.13.1/STM32CubeIDE/plugins/com.st.stm32cube.ide.mcu.externaltools.gnu-tools-for-stm32.11.3.rel1.win32_1.1.0.202305231506/tools/bin/../lib/gcc/arm-none-eabi/11.3.1/../../../../arm-none-eabi/lib/thumb/v7e-m+fp/hard\libnosys.a
END GROUP
START GROUP
LOAD C:/ST/STM32CubeIDE_1.13.1/STM32CubeIDE/plugins/com.st.stm32cube.ide.mcu.externaltools.gnu-tools-for-stm32.11.3.rel1.win32_1.1.0.202305231506/tools/bin/../lib/gcc/arm-none-eabi/11.3.1/thumb/v7e-m+fp/hard\libgcc.a
LOAD C:/ST/STM32CubeIDE_1.13.1/STM32CubeIDE/plugins/com.st.stm32cube.ide.mcu.externaltools.gnu-tools-for-stm32.11.3.rel1.win32_1.1.0.202305231506/tools/bin/../lib/gcc/arm-none-eabi/11.3.1/../../../../arm-none-eabi/lib/thumb/v7e-m+fp/hard\libc_nano.a
LOAD C:/ST/STM32CubeIDE_1.13.1/STM32CubeIDE/plugins/com.st.stm32cube.ide.mcu.externaltools.gnu-tools-for-stm32.11.3.rel1.win32_1.1.0.202305231506/tools/bin/../lib/gcc/arm-none-eabi/11.3.1/../../../../arm-none-eabi/lib/thumb/v7e-m+fp/hard\libnosys.a
END GROUP
LOAD C:/ST/STM32CubeIDE_1.13.1/STM32CubeIDE/plugins/com.st.stm32cube.ide.mcu.externaltools.gnu-tools-for-stm32.11.3.rel1.win32_1.1.0.202305231506/tools/bin/../lib/gcc/arm-none-eabi/11.3.1/thumb/v7e-m+fp/hard/crtend.o
LOAD C:/ST/STM32CubeIDE_1.13.1/STM32CubeIDE/plugins/com.st.stm32cube.ide.mcu.externaltools.gnu-tools-for-stm32.11.3.rel1.win32_1.1.0.202305231506/tools/bin/../lib/gcc/arm-none-eabi/11.3.1/thumb/v7e-m+fp/hard/crtn.o
                0x0000000020020000                _estack = (ORIGIN (RAM) + LENGTH (RAM))
                0x0000000000000800                _Min_Heap_Size = 0x800
                0x0000000000000800                _Min_Stack_Size = 0x800

.isr_vector     0x0000000008000000      0x1c4
                0x0000000008000000                . = ALIGN (0x4)
 *(.isr_vector)
 .isr_vector    0x0000000008000000      0x1c4 ./Core/Startup/startup_stm32f446retx.o
                0x0000000008000000                g_pfnVectors
                0x00000000080001c4                . = ALIGN (0x4)

.text           0x00000000080001d0    0x140ec
                0x00000000080001d0                . = ALIGN (0x4)
 *(.text)
 .text          0x00000000080001d0       0x40 C:/ST/STM32CubeIDE_1.13.1/STM32CubeIDE/plugins/com.st.stm32cube.ide.mcu.externaltools.gnu-tools-for-stm32.11.3.rel1.win32_1.1.0.202305231506/tools/bin/../lib/gcc/arm-none-eabi/11.3.1/thumb/v7e-m+fp/hard/crtbegin.o
 .text          0x0000000008000210       0xa0 C:/ST/STM32CubeIDE_1.13.1/STM32CubeIDE/plugins/com.st.stm32cube.ide.mcu.externaltools.gnu-tools-for-stm32.11.3.rel1.win32_1.1.0.202305231506/tools/bin/../lib/gcc/arm-none-eabi/11.3.1/../../../../arm-none-eabi/lib/thumb/v7e-m+fp/hard\libc_nano.a(libc_a-memchr.o)
                0x0000000008000210                memchr
 .text          0x00000000080002b0       0x10 C:/ST/STM32CubeIDE_1.13.1/STM32CubeIDE/plugins/com.st.stm32cube.ide.mcu.externaltools.gnu-tools-for-stm32.11.3.rel1.win32_1.1.0.202305231506/tools/bin/../lib/gcc/arm-none-eabi/11.3.1/../../../../arm-none-eabi/lib/thumb/v7e-m+fp/hard\libc_nano.a(libc_a-strlen.o)
                0x00000000080002b0                strlen
 .text          0x00000000080002c0      0x378 C:/ST/STM32CubeIDE_1.13.1/STM32CubeIDE/plugins/com.st.stm32cube.ide.mcu.externaltools.gnu-tools-for-stm32.11.3.rel1.win32_1.1.0.202305231506/tools/bin/../lib/gcc/arm-none-eabi/11.3.1/thumb/v7e-m+fp/hard\libgcc.a(_arm_addsubdf3.o)
                0x00000000080002c0                __aeabi_drsub
                0x00000000080002c8                __aeabi_dsub
                0x00000000080002c8                __subdf3
                0x00000000080002cc                __aeabi_dadd
                0x00000000080002cc                __adddf3
                0x0000000008000544                __floatunsidf
                0x0000000008000544                __aeabi_ui2d
                0x0000000008000564                __floatsidf
                0x0000000008000564                __aeabi_i2d
                0x0000000008000588                __aeabi_f2d
                0x0000000008000588                __extendsfdf2
                0x00000000080005cc                __floatundidf
                0x00000000080005cc                __aeabi_ul2d
                0x00000000080005dc                __floatdidf
                0x00000000080005dc                __aeabi_l2d
 .text          0x0000000008000638      0x424 C:/ST/STM32CubeIDE_1.13.1/STM32CubeIDE/plugins/com.st.stm32cube.ide.mcu.externaltools.gnu-tools-for-stm32.11.3.rel1.win32_1.1.0.202305231506/tools/bin/../lib/gcc/arm-none-eabi/11.3.1/thumb/v7e-m+fp/hard\libgcc.a(_arm_muldivdf3.o)
                0x0000000008000638                __aeabi_dmul
                0x0000000008000638                __muldf3
                0x000000000800088c                __divdf3
                0x000000000800088c                __aeabi_ddiv
 .text          0x0000000008000a5c      0x110 C:/ST/STM32CubeIDE_1.13.1/STM32CubeIDE/plugins/com.st.stm32cube.ide.mcu.externaltools.gnu-tools-for-stm32.11.3.rel1.win32_1.1.0.202305231506/tools/bin/../lib/gcc/arm-none-eabi/11.3.1/thumb/v7e-m+fp/hard\libgcc.a(_arm_cmpdf2.o)
                0x0000000008000a5c                __gtdf2
                0x0000000008000a5c                __gedf2
                0x0000000008000a64                __ltdf2
                0x0000000008000a64                __ledf2
                0x0000000008000a6c                __nedf2
                0x0000000008000a6c                __eqdf2
                0x0000000008000a6c                __cmpdf2
                0x0000000008000ae8                __aeabi_cdrcmple
                0x0000000008000af8                __aeabi_cdcmpeq
                0x0000000008000af8                __aeabi_cdcmple
                0x0000000008000b08                __aeabi_dcmpeq
                0x0000000008000b1c                __aeabi_dcmplt
                0x0000000008000b30                __aeabi_dcmple
                0x0000000008000b44                __aeabi_dcmpge
                0x0000000008000b58                __aeabi_dcmpgt
 .text          0x0000000008000b6c       0x2c C:/ST/STM32CubeIDE_1.13.1/STM32CubeIDE/plugins/com.st.stm32cube.ide.mcu.externaltools.gnu-tools-for-stm32.11.3.rel1.win32_1.1.0.202305231506/tools/bin/../lib/gcc/arm-none-eabi/11.3.1/thumb/v7e-m+fp/hard\libgcc.a(_arm_unorddf2.o)
                0x0000000008000b6c                __unorddf2
                0x0000000008000b6c                __aeabi_dcmpun
 .text          0x0000000008000b98       0x50 C:/ST/STM32CubeIDE_1.13.1/STM32CubeIDE/plugins/com.st.stm32cube.ide.mcu.externaltools.gnu-tools-for-stm32.11.3.rel1.win32_1.1.0.202305231506/tools/bin/../lib/gcc/arm-none-eabi/11.3.1/thumb/v7e-m+fp/hard\libgcc.a(_arm_fixdfsi.o)
                0x0000000008000b98                __aeabi_d2iz
                0x0000000008000b98                __fixdfsi
 .text          0x0000000008000be8       0x30 C:/ST/STM32CubeIDE_1.13.1/STM32CubeIDE/plugins/com.st.stm32cube.ide.mcu.externaltools.gnu-tools-for-stm32.11.3.rel1.win32_1.1.0.202305231506/tools/bin/../lib/gcc/arm-none-eabi/11.3.1/thumb/v7e-m+fp/hard\libgcc.a(_aeabi_uldivmod.o)
                0x0000000008000be8                __aeabi_uldivmod
 .text          0x0000000008000c18      0x2c8 C:/ST/STM32CubeIDE_1.13.1/STM32CubeIDE/plugins/com.st.stm32cube.ide.mcu.externaltools.gnu-tools-for-stm32.11.3.rel1.win32_1.1.0.202305231506/tools/bin/../lib/gcc/arm-none-eabi/11.3.1/thumb/v7e-m+fp/hard\libgcc.a(_udivmoddi4.o)
                0x0000000008000c18                __udivmoddi4
 .text          0x0000000008000ee0        0x4 C:/ST/STM32CubeIDE_1.13.1/STM32CubeIDE/plugins/com.st.stm32cube.ide.mcu.externaltools.gnu-tools-for-stm32.11.3.rel1.win32_1.1.0.202305231506/tools/bin/../lib/gcc/arm-none-eabi/11.3.1/thumb/v7e-m+fp/hard\libgcc.a(_dvmd_tls.o)
                0x0000000008000ee0                __aeabi_idiv0
                0x0000000008000ee0                __aeabi_ldiv0
 *(.text*)
 .text.configureTimerForRunTimeStats
                0x0000000008000ee4       0x14 ./Core/Src/freertos.o
                0x0000000008000ee4                configureTimerForRunTimeStats
 .text.getRunTimeCounterValue
                0x0000000008000ef8       0x18 ./Core/Src/freertos.o
                0x0000000008000ef8                getRunTimeCounterValue
 .text.vPortSuppressTicksAndSleep
                0x0000000008000f10       0x14 ./Core/Src/freertos.o
                0x0000000008000f10                vPortSuppressTicksAndSleep
 .text._write   0x0000000008000f24       0x4c ./Core/Src/main.o
                0x0000000008000f24                _write
 .text.process_adc_buffer
                0x0000000008000f70      0x144 ./Core/Src/main.o
 .text.buffclear
                0x00000000080010b4       0x3a ./Core/Src/main.o
                0x00000000080010b4                buffclear
 *fill*         0x00000000080010ee        0x2 
 .text.send_uart
                0x00000000080010f0       0x34 ./Core/Src/main.o
                0x00000000080010f0                send_uart
 .text.main     0x0000000008001124      0x1a0 ./Core/Src/main.o
                0x0000000008001124                main
 .text.SystemClock_Config
                0x00000000080012c4       0xe0 ./Core/Src/main.o
                0x00000000080012c4                SystemClock_Config
 .text.MX_ADC1_Init
                0x00000000080013a4       0xc4 ./Core/Src/main.o
 .text.MX_ADC2_Init
                0x0000000008001468       0xa4 ./Core/Src/main.o
 .text.MX_I2C1_Init
                0x000000000800150c       0x5c ./Core/Src/main.o
 .text.MX_RTC_Init
                0x0000000008001568      0x118 ./Core/Src/main.o
 .text.MX_SPI2_Init
                0x0000000008001680       0x6c ./Core/Src/main.o
 .text.MX_TIM3_Init
                0x00000000080016ec       0x9c ./Core/Src/main.o
 .text.MX_TIM11_Init
                0x0000000008001788       0x48 ./Core/Src/main.o
 .text.MX_USART2_UART_Init
                0x00000000080017d0       0x54 ./Core/Src/main.o
 .text.MX_DMA_Init
                0x0000000008001824       0x40 ./Core/Src/main.o
 .text.MX_GPIO_Init
                0x0000000008001864      0x12c ./Core/Src/main.o
 .text.SDCard_Init
                0x0000000008001990       0x44 ./Core/Src/main.o
                0x0000000008001990                SDCard_Init
 .text.MX_FREERTOS_Init
                0x00000000080019d4       0x30 ./Core/Src/main.o
                0x00000000080019d4                MX_FREERTOS_Init
 .text.send_OLED
                0x0000000008001a04       0x40 ./Core/Src/main.o
                0x0000000008001a04                send_OLED
 .text.send_SDCard
                0x0000000008001a44       0x70 ./Core/Src/main.o
                0x0000000008001a44                send_SDCard
 .text.vUARTtask
                0x0000000008001ab4        0xa ./Core/Src/main.o
                0x0000000008001ab4                vUARTtask
 *fill*         0x0000000008001abe        0x2 
 .text.vSwitchtask
                0x0000000008001ac0      0x154 ./Core/Src/main.o
                0x0000000008001ac0                vSwitchtask
 .text.vInternalTemptask
                0x0000000008001c14       0x84 ./Core/Src/main.o
                0x0000000008001c14                vInternalTemptask
 .text.vRCWLtask
                0x0000000008001c98       0x84 ./Core/Src/main.o
                0x0000000008001c98                vRCWLtask
 .text.vRTCtask
                0x0000000008001d1c       0xd4 ./Core/Src/main.o
                0x0000000008001d1c                vRTCtask
 .text.vMQ135task
                0x0000000008001df0       0x7c ./Core/Src/main.o
                0x0000000008001df0                vMQ135task
 .text.vTimerCallback
                0x0000000008001e6c       0x54 ./Core/Src/main.o
                0x0000000008001e6c                vTimerCallback
 .text.HAL_ADC_ConvHalfCpltCallback
                0x0000000008001ec0       0x1c ./Core/Src/main.o
                0x0000000008001ec0                HAL_ADC_ConvHalfCpltCallback
 .text.HAL_ADC_ConvCpltCallback
                0x0000000008001edc       0x1c ./Core/Src/main.o
                0x0000000008001edc                HAL_ADC_ConvCpltCallback
 .text.HAL_GPIO_EXTI_Callback
                0x0000000008001ef8       0x44 ./Core/Src/main.o
                0x0000000008001ef8                HAL_GPIO_EXTI_Callback
 .text.StartDefaultTask
                0x0000000008001f3c       0x10 ./Core/Src/main.o
                0x0000000008001f3c                StartDefaultTask
 .text.HAL_TIM_PeriodElapsedCallback
                0x0000000008001f4c       0x5c ./Core/Src/main.o
                0x0000000008001f4c                HAL_TIM_PeriodElapsedCallback
 .text.Error_Handler
                0x0000000008001fa8        0xa ./Core/Src/main.o
                0x0000000008001fa8                Error_Handler
 *fill*         0x0000000008001fb2        0x2 
 .text.HAL_MspInit
                0x0000000008001fb4       0x58 ./Core/Src/stm32f4xx_hal_msp.o
                0x0000000008001fb4                HAL_MspInit
 .text.HAL_ADC_MspInit
                0x000000000800200c      0x11c ./Core/Src/stm32f4xx_hal_msp.o
                0x000000000800200c                HAL_ADC_MspInit
 .text.HAL_I2C_MspInit
                0x0000000008002128       0xb0 ./Core/Src/stm32f4xx_hal_msp.o
                0x0000000008002128                HAL_I2C_MspInit
 .text.HAL_RTC_MspInit
                0x00000000080021d8       0x54 ./Core/Src/stm32f4xx_hal_msp.o
                0x00000000080021d8                HAL_RTC_MspInit
 .text.HAL_SPI_MspInit
                0x000000000800222c       0xf0 ./Core/Src/stm32f4xx_hal_msp.o
                0x000000000800222c                HAL_SPI_MspInit
 .text.HAL_TIM_Base_MspInit
                0x000000000800231c       0x7c ./Core/Src/stm32f4xx_hal_msp.o
                0x000000000800231c                HAL_TIM_Base_MspInit
 .text.HAL_UART_MspInit
                0x0000000008002398       0x90 ./Core/Src/stm32f4xx_hal_msp.o
                0x0000000008002398                HAL_UART_MspInit
 .text.HAL_InitTick
                0x0000000008002428       0xf8 ./Core/Src/stm32f4xx_hal_timebase_tim.o
                0x0000000008002428                HAL_InitTick
 .text.SDTimer_Handler
                0x0000000008002520       0x48 ./Core/Src/stm32f4xx_it.o
                0x0000000008002520                SDTimer_Handler
 .text.NMI_Handler
                0x0000000008002568        0x6 ./Core/Src/stm32f4xx_it.o
                0x0000000008002568                NMI_Handler
 .text.HardFault_Handler
                0x000000000800256e        0x6 ./Core/Src/stm32f4xx_it.o
                0x000000000800256e                HardFault_Handler
 .text.MemManage_Handler
                0x0000000008002574        0x6 ./Core/Src/stm32f4xx_it.o
                0x0000000008002574                MemManage_Handler
 .text.BusFault_Handler
                0x000000000800257a        0x6 ./Core/Src/stm32f4xx_it.o
                0x000000000800257a                BusFault_Handler
 .text.UsageFault_Handler
                0x0000000008002580        0x6 ./Core/Src/stm32f4xx_it.o
                0x0000000008002580                UsageFault_Handler
 .text.DebugMon_Handler
                0x0000000008002586        0xe ./Core/Src/stm32f4xx_it.o
                0x0000000008002586                DebugMon_Handler
 .text.TIM1_TRG_COM_TIM11_IRQHandler
                0x0000000008002594       0x14 ./Core/Src/stm32f4xx_it.o
                0x0000000008002594                TIM1_TRG_COM_TIM11_IRQHandler
 .text.I2C1_EV_IRQHandler
                0x00000000080025a8       0x14 ./Core/Src/stm32f4xx_it.o
                0x00000000080025a8                I2C1_EV_IRQHandler
 .text.I2C1_ER_IRQHandler
                0x00000000080025bc       0x14 ./Core/Src/stm32f4xx_it.o
                0x00000000080025bc                I2C1_ER_IRQHandler
 .text.EXTI15_10_IRQHandler
                0x00000000080025d0       0x10 ./Core/Src/stm32f4xx_it.o
                0x00000000080025d0                EXTI15_10_IRQHandler
 .text.TIM6_DAC_IRQHandler
                0x00000000080025e0       0x38 ./Core/Src/stm32f4xx_it.o
                0x00000000080025e0                TIM6_DAC_IRQHandler
 .text.DMA2_Stream0_IRQHandler
                0x0000000008002618       0x14 ./Core/Src/stm32f4xx_it.o
                0x0000000008002618                DMA2_Stream0_IRQHandler
 .text._sbrk    0x000000000800262c       0x6c ./Core/Src/sysmem.o
                0x000000000800262c                _sbrk
 .text.SystemInit
                0x0000000008002698       0x24 ./Core/Src/system_stm32f4xx.o
                0x0000000008002698                SystemInit
 .text.Reset_Handler
                0x00000000080026bc       0x50 ./Core/Startup/startup_stm32f446retx.o
                0x00000000080026bc                Reset_Handler
 .text.Default_Handler
                0x000000000800270c        0x2 ./Core/Startup/startup_stm32f446retx.o
                0x000000000800270c                RTC_Alarm_IRQHandler
                0x000000000800270c                EXTI2_IRQHandler
                0x000000000800270c                TIM8_CC_IRQHandler
                0x000000000800270c                FMPI2C1_EV_IRQHandler
                0x000000000800270c                SPI4_IRQHandler
                0x000000000800270c                TIM1_CC_IRQHandler
                0x000000000800270c                DMA2_Stream5_IRQHandler
                0x000000000800270c                DMA1_Stream5_IRQHandler
                0x000000000800270c                PVD_IRQHandler
                0x000000000800270c                SDIO_IRQHandler
                0x000000000800270c                TAMP_STAMP_IRQHandler
                0x000000000800270c                CAN2_RX1_IRQHandler
                0x000000000800270c                EXTI3_IRQHandler
                0x000000000800270c                TIM8_TRG_COM_TIM14_IRQHandler
                0x000000000800270c                TIM1_UP_TIM10_IRQHandler
                0x000000000800270c                TIM8_UP_TIM13_IRQHandler
                0x000000000800270c                I2C3_ER_IRQHandler
                0x000000000800270c                EXTI0_IRQHandler
                0x000000000800270c                I2C2_EV_IRQHandler
                0x000000000800270c                DMA1_Stream2_IRQHandler
                0x000000000800270c                CAN1_RX0_IRQHandler
                0x000000000800270c                FPU_IRQHandler
                0x000000000800270c                OTG_HS_WKUP_IRQHandler
                0x000000000800270c                CAN2_SCE_IRQHandler
                0x000000000800270c                DMA2_Stream2_IRQHandler
                0x000000000800270c                SPI1_IRQHandler
                0x000000000800270c                TIM1_BRK_TIM9_IRQHandler
                0x000000000800270c                DCMI_IRQHandler
                0x000000000800270c                CAN2_RX0_IRQHandler
                0x000000000800270c                DMA2_Stream3_IRQHandler
                0x000000000800270c                SAI2_IRQHandler
                0x000000000800270c                USART6_IRQHandler
                0x000000000800270c                USART3_IRQHandler
                0x000000000800270c                CAN1_RX1_IRQHandler
                0x000000000800270c                UART5_IRQHandler
                0x000000000800270c                TIM4_IRQHandler
                0x000000000800270c                QUADSPI_IRQHandler
                0x000000000800270c                DMA1_Stream6_IRQHandler
                0x000000000800270c                DMA1_Stream1_IRQHandler
                0x000000000800270c                UART4_IRQHandler
                0x000000000800270c                TIM3_IRQHandler
                0x000000000800270c                RCC_IRQHandler
                0x000000000800270c                TIM8_BRK_TIM12_IRQHandler
                0x000000000800270c                Default_Handler
                0x000000000800270c                CEC_IRQHandler
                0x000000000800270c                ADC_IRQHandler
                0x000000000800270c                DMA1_Stream7_IRQHandler
                0x000000000800270c                TIM7_IRQHandler
                0x000000000800270c                CAN2_TX_IRQHandler
                0x000000000800270c                TIM5_IRQHandler
                0x000000000800270c                DMA2_Stream7_IRQHandler
                0x000000000800270c                I2C3_EV_IRQHandler
                0x000000000800270c                EXTI9_5_IRQHandler
                0x000000000800270c                RTC_WKUP_IRQHandler
                0x000000000800270c                SPDIF_RX_IRQHandler
                0x000000000800270c                SPI2_IRQHandler
                0x000000000800270c                OTG_HS_EP1_IN_IRQHandler
                0x000000000800270c                DMA1_Stream0_IRQHandler
                0x000000000800270c                CAN1_TX_IRQHandler
                0x000000000800270c                FMPI2C1_ER_IRQHandler
                0x000000000800270c                EXTI4_IRQHandler
                0x000000000800270c                OTG_HS_EP1_OUT_IRQHandler
                0x000000000800270c                WWDG_IRQHandler
                0x000000000800270c                TIM2_IRQHandler
                0x000000000800270c                OTG_FS_WKUP_IRQHandler
                0x000000000800270c                OTG_HS_IRQHandler
                0x000000000800270c                EXTI1_IRQHandler
                0x000000000800270c                USART2_IRQHandler
                0x000000000800270c                I2C2_ER_IRQHandler
                0x000000000800270c                DMA2_Stream1_IRQHandler
                0x000000000800270c                CAN1_SCE_IRQHandler
                0x000000000800270c                FLASH_IRQHandler
                0x000000000800270c                DMA2_Stream4_IRQHandler
                0x000000000800270c                USART1_IRQHandler
                0x000000000800270c                OTG_FS_IRQHandler
                0x000000000800270c                SPI3_IRQHandler
                0x000000000800270c                DMA1_Stream4_IRQHandler
                0x000000000800270c                FMC_IRQHandler
                0x000000000800270c                DMA2_Stream6_IRQHandler
                0x000000000800270c                SAI1_IRQHandler
                0x000000000800270c                DMA1_Stream3_IRQHandler
 *fill*         0x000000000800270e        0x2 
 .text.HAL_Init
                0x0000000008002710       0x44 ./Drivers/STM32F4xx_HAL_Driver/Src/stm32f4xx_hal.o
                0x0000000008002710                HAL_Init
 .text.HAL_IncTick
                0x0000000008002754       0x28 ./Drivers/STM32F4xx_HAL_Driver/Src/stm32f4xx_hal.o
                0x0000000008002754                HAL_IncTick
 .text.HAL_GetTick
                0x000000000800277c       0x18 ./Drivers/STM32F4xx_HAL_Driver/Src/stm32f4xx_hal.o
                0x000000000800277c                HAL_GetTick
 .text.HAL_Delay
                0x0000000008002794       0x48 ./Drivers/STM32F4xx_HAL_Driver/Src/stm32f4xx_hal.o
                0x0000000008002794                HAL_Delay
 .text.HAL_ADC_Init
                0x00000000080027dc       0x86 ./Drivers/STM32F4xx_HAL_Driver/Src/stm32f4xx_hal_adc.o
                0x00000000080027dc                HAL_ADC_Init
 *fill*         0x0000000008002862        0x2 
 .text.HAL_ADC_Start
                0x0000000008002864      0x1a4 ./Drivers/STM32F4xx_HAL_Driver/Src/stm32f4xx_hal_adc.o
                0x0000000008002864                HAL_ADC_Start
 .text.HAL_ADC_Stop
                0x0000000008002a08       0x66 ./Drivers/STM32F4xx_HAL_Driver/Src/stm32f4xx_hal_adc.o
                0x0000000008002a08                HAL_ADC_Stop
 .text.HAL_ADC_PollForConversion
                0x0000000008002a6e      0x116 ./Drivers/STM32F4xx_HAL_Driver/Src/stm32f4xx_hal_adc.o
                0x0000000008002a6e                HAL_ADC_PollForConversion
 .text.HAL_ADC_Start_DMA
                0x0000000008002b84      0x220 ./Drivers/STM32F4xx_HAL_Driver/Src/stm32f4xx_hal_adc.o
                0x0000000008002b84                HAL_ADC_Start_DMA
 .text.HAL_ADC_GetValue
                0x0000000008002da4       0x1a ./Drivers/STM32F4xx_HAL_Driver/Src/stm32f4xx_hal_adc.o
                0x0000000008002da4                HAL_ADC_GetValue
 .text.HAL_ADC_ErrorCallback
                0x0000000008002dbe       0x14 ./Drivers/STM32F4xx_HAL_Driver/Src/stm32f4xx_hal_adc.o
                0x0000000008002dbe                HAL_ADC_ErrorCallback
 *fill*         0x0000000008002dd2        0x2 
 .text.HAL_ADC_ConfigChannel
                0x0000000008002dd4      0x264 ./Drivers/STM32F4xx_HAL_Driver/Src/stm32f4xx_hal_adc.o
                0x0000000008002dd4                HAL_ADC_ConfigChannel
 .text.ADC_Init
                0x0000000008003038      0x1f8 ./Drivers/STM32F4xx_HAL_Driver/Src/stm32f4xx_hal_adc.o
 .text.ADC_DMAConvCplt
                0x0000000008003230       0xba ./Drivers/STM32F4xx_HAL_Driver/Src/stm32f4xx_hal_adc.o
 .text.ADC_DMAHalfConvCplt
                0x00000000080032ea       0x1c ./Drivers/STM32F4xx_HAL_Driver/Src/stm32f4xx_hal_adc.o
 .text.ADC_DMAError
                0x0000000008003306       0x2e ./Drivers/STM32F4xx_HAL_Driver/Src/stm32f4xx_hal_adc.o
 .text.__NVIC_SetPriorityGrouping
                0x0000000008003334       0x48 ./Drivers/STM32F4xx_HAL_Driver/Src/stm32f4xx_hal_cortex.o
 .text.__NVIC_GetPriorityGrouping
                0x000000000800337c       0x1c ./Drivers/STM32F4xx_HAL_Driver/Src/stm32f4xx_hal_cortex.o
 .text.__NVIC_EnableIRQ
                0x0000000008003398       0x3c ./Drivers/STM32F4xx_HAL_Driver/Src/stm32f4xx_hal_cortex.o
 .text.__NVIC_SetPriority
                0x00000000080033d4       0x54 ./Drivers/STM32F4xx_HAL_Driver/Src/stm32f4xx_hal_cortex.o
 .text.NVIC_EncodePriority
                0x0000000008003428       0x66 ./Drivers/STM32F4xx_HAL_Driver/Src/stm32f4xx_hal_cortex.o
 .text.HAL_NVIC_SetPriorityGrouping
                0x000000000800348e       0x16 ./Drivers/STM32F4xx_HAL_Driver/Src/stm32f4xx_hal_cortex.o
                0x000000000800348e                HAL_NVIC_SetPriorityGrouping
 .text.HAL_NVIC_SetPriority
                0x00000000080034a4       0x38 ./Drivers/STM32F4xx_HAL_Driver/Src/stm32f4xx_hal_cortex.o
                0x00000000080034a4                HAL_NVIC_SetPriority
 .text.HAL_NVIC_EnableIRQ
                0x00000000080034dc       0x1c ./Drivers/STM32F4xx_HAL_Driver/Src/stm32f4xx_hal_cortex.o
                0x00000000080034dc                HAL_NVIC_EnableIRQ
 .text.HAL_DMA_Init
                0x00000000080034f8      0x15c ./Drivers/STM32F4xx_HAL_Driver/Src/stm32f4xx_hal_dma.o
                0x00000000080034f8                HAL_DMA_Init
 .text.HAL_DMA_Start_IT
                0x0000000008003654       0xb0 ./Drivers/STM32F4xx_HAL_Driver/Src/stm32f4xx_hal_dma.o
                0x0000000008003654                HAL_DMA_Start_IT
 .text.HAL_DMA_Abort_IT
                0x0000000008003704       0x44 ./Drivers/STM32F4xx_HAL_Driver/Src/stm32f4xx_hal_dma.o
                0x0000000008003704                HAL_DMA_Abort_IT
 .text.HAL_DMA_IRQHandler
                0x0000000008003748      0x314 ./Drivers/STM32F4xx_HAL_Driver/Src/stm32f4xx_hal_dma.o
                0x0000000008003748                HAL_DMA_IRQHandler
 .text.HAL_DMA_GetState
                0x0000000008003a5c       0x1c ./Drivers/STM32F4xx_HAL_Driver/Src/stm32f4xx_hal_dma.o
                0x0000000008003a5c                HAL_DMA_GetState
 .text.DMA_SetConfig
                0x0000000008003a78       0x5c ./Drivers/STM32F4xx_HAL_Driver/Src/stm32f4xx_hal_dma.o
 .text.DMA_CalcBaseAndBitshift
                0x0000000008003ad4       0x6c ./Drivers/STM32F4xx_HAL_Driver/Src/stm32f4xx_hal_dma.o
 .text.DMA_CheckFifoParam
                0x0000000008003b40       0xf8 ./Drivers/STM32F4xx_HAL_Driver/Src/stm32f4xx_hal_dma.o
 .text.HAL_GPIO_Init
                0x0000000008003c38      0x328 ./Drivers/STM32F4xx_HAL_Driver/Src/stm32f4xx_hal_gpio.o
                0x0000000008003c38                HAL_GPIO_Init
 .text.HAL_GPIO_ReadPin
                0x0000000008003f60       0x30 ./Drivers/STM32F4xx_HAL_Driver/Src/stm32f4xx_hal_gpio.o
                0x0000000008003f60                HAL_GPIO_ReadPin
 .text.HAL_GPIO_WritePin
                0x0000000008003f90       0x32 ./Drivers/STM32F4xx_HAL_Driver/Src/stm32f4xx_hal_gpio.o
                0x0000000008003f90                HAL_GPIO_WritePin
 *fill*         0x0000000008003fc2        0x2 
 .text.HAL_GPIO_EXTI_IRQHandler
                0x0000000008003fc4       0x30 ./Drivers/STM32F4xx_HAL_Driver/Src/stm32f4xx_hal_gpio.o
                0x0000000008003fc4                HAL_GPIO_EXTI_IRQHandler
 .text.HAL_I2C_Init
                0x0000000008003ff4      0x288 ./Drivers/STM32F4xx_HAL_Driver/Src/stm32f4xx_hal_i2c.o
                0x0000000008003ff4                HAL_I2C_Init
 .text.HAL_I2C_Master_Transmit
                0x000000000800427c      0x1fc ./Drivers/STM32F4xx_HAL_Driver/Src/stm32f4xx_hal_i2c.o
                0x000000000800427c                HAL_I2C_Master_Transmit
 .text.HAL_I2C_IsDeviceReady
                0x0000000008004478      0x25c ./Drivers/STM32F4xx_HAL_Driver/Src/stm32f4xx_hal_i2c.o
                0x0000000008004478                HAL_I2C_IsDeviceReady
 .text.HAL_I2C_EV_IRQHandler
                0x00000000080046d4      0x2a6 ./Drivers/STM32F4xx_HAL_Driver/Src/stm32f4xx_hal_i2c.o
                0x00000000080046d4                HAL_I2C_EV_IRQHandler
 .text.HAL_I2C_ER_IRQHandler
                0x000000000800497a      0x13e ./Drivers/STM32F4xx_HAL_Driver/Src/stm32f4xx_hal_i2c.o
                0x000000000800497a                HAL_I2C_ER_IRQHandler
 .text.HAL_I2C_MasterTxCpltCallback
                0x0000000008004ab8       0x14 ./Drivers/STM32F4xx_HAL_Driver/Src/stm32f4xx_hal_i2c.o
                0x0000000008004ab8                HAL_I2C_MasterTxCpltCallback
 .text.HAL_I2C_MasterRxCpltCallback
                0x0000000008004acc       0x14 ./Drivers/STM32F4xx_HAL_Driver/Src/stm32f4xx_hal_i2c.o
                0x0000000008004acc                HAL_I2C_MasterRxCpltCallback
 .text.HAL_I2C_SlaveTxCpltCallback
                0x0000000008004ae0       0x14 ./Drivers/STM32F4xx_HAL_Driver/Src/stm32f4xx_hal_i2c.o
                0x0000000008004ae0                HAL_I2C_SlaveTxCpltCallback
 .text.HAL_I2C_SlaveRxCpltCallback
                0x0000000008004af4       0x14 ./Drivers/STM32F4xx_HAL_Driver/Src/stm32f4xx_hal_i2c.o
                0x0000000008004af4                HAL_I2C_SlaveRxCpltCallback
 .text.HAL_I2C_AddrCallback
                0x0000000008004b08       0x1c ./Drivers/STM32F4xx_HAL_Driver/Src/stm32f4xx_hal_i2c.o
                0x0000000008004b08                HAL_I2C_AddrCallback
 .text.HAL_I2C_ListenCpltCallback
                0x0000000008004b24       0x14 ./Drivers/STM32F4xx_HAL_Driver/Src/stm32f4xx_hal_i2c.o
                0x0000000008004b24                HAL_I2C_ListenCpltCallback
 .text.HAL_I2C_MemTxCpltCallback
                0x0000000008004b38       0x14 ./Drivers/STM32F4xx_HAL_Driver/Src/stm32f4xx_hal_i2c.o
                0x0000000008004b38                HAL_I2C_MemTxCpltCallback
 .text.HAL_I2C_MemRxCpltCallback
                0x0000000008004b4c       0x14 ./Drivers/STM32F4xx_HAL_Driver/Src/stm32f4xx_hal_i2c.o
                0x0000000008004b4c                HAL_I2C_MemRxCpltCallback
 .text.HAL_I2C_ErrorCallback
                0x0000000008004b60       0x14 ./Drivers/STM32F4xx_HAL_Driver/Src/stm32f4xx_hal_i2c.o
                0x0000000008004b60                HAL_I2C_ErrorCallback
 .text.HAL_I2C_AbortCpltCallback
                0x0000000008004b74       0x14 ./Drivers/STM32F4xx_HAL_Driver/Src/stm32f4xx_hal_i2c.o
                0x0000000008004b74                HAL_I2C_AbortCpltCallback
 .text.I2C_MasterTransmit_TXE
                0x0000000008004b88      0x138 ./Drivers/STM32F4xx_HAL_Driver/Src/stm32f4xx_hal_i2c.o
 .text.I2C_MasterTransmit_BTF
                0x0000000008004cc0       0xec ./Drivers/STM32F4xx_HAL_Driver/Src/stm32f4xx_hal_i2c.o
 .text.I2C_MemoryTransmit_TXE_BTF
                0x0000000008004dac      0x128 ./Drivers/STM32F4xx_HAL_Driver/Src/stm32f4xx_hal_i2c.o
 .text.I2C_MasterReceive_RXNE
                0x0000000008004ed4      0x176 ./Drivers/STM32F4xx_HAL_Driver/Src/stm32f4xx_hal_i2c.o
 .text.I2C_MasterReceive_BTF
                0x000000000800504a      0x1d4 ./Drivers/STM32F4xx_HAL_Driver/Src/stm32f4xx_hal_i2c.o
 .text.I2C_Master_SB
                0x000000000800521e      0x10c ./Drivers/STM32F4xx_HAL_Driver/Src/stm32f4xx_hal_i2c.o
 .text.I2C_Master_ADD10
                0x000000000800532a       0x54 ./Drivers/STM32F4xx_HAL_Driver/Src/stm32f4xx_hal_i2c.o
 .text.I2C_Master_ADDR
                0x000000000800537e      0x322 ./Drivers/STM32F4xx_HAL_Driver/Src/stm32f4xx_hal_i2c.o
 .text.I2C_SlaveTransmit_TXE
                0x00000000080056a0       0x7a ./Drivers/STM32F4xx_HAL_Driver/Src/stm32f4xx_hal_i2c.o
 .text.I2C_SlaveTransmit_BTF
                0x000000000800571a       0x42 ./Drivers/STM32F4xx_HAL_Driver/Src/stm32f4xx_hal_i2c.o
 .text.I2C_SlaveReceive_RXNE
                0x000000000800575c       0x7c ./Drivers/STM32F4xx_HAL_Driver/Src/stm32f4xx_hal_i2c.o
 .text.I2C_SlaveReceive_BTF
                0x00000000080057d8       0x44 ./Drivers/STM32F4xx_HAL_Driver/Src/stm32f4xx_hal_i2c.o
 .text.I2C_Slave_ADDR
                0x000000000800581c       0x90 ./Drivers/STM32F4xx_HAL_Driver/Src/stm32f4xx_hal_i2c.o
 .text.I2C_Slave_STOPF
                0x00000000080058ac      0x260 ./Drivers/STM32F4xx_HAL_Driver/Src/stm32f4xx_hal_i2c.o
 .text.I2C_Slave_AF
                0x0000000008005b0c       0xe0 ./Drivers/STM32F4xx_HAL_Driver/Src/stm32f4xx_hal_i2c.o
 .text.I2C_ITError
                0x0000000008005bec      0x264 ./Drivers/STM32F4xx_HAL_Driver/Src/stm32f4xx_hal_i2c.o
 .text.I2C_MasterRequestWrite
                0x0000000008005e50      0x104 ./Drivers/STM32F4xx_HAL_Driver/Src/stm32f4xx_hal_i2c.o
 .text.I2C_DMAAbort
                0x0000000008005f54      0x150 ./Drivers/STM32F4xx_HAL_Driver/Src/stm32f4xx_hal_i2c.o
 .text.I2C_WaitOnFlagUntilTimeout
                0x00000000080060a4       0xae ./Drivers/STM32F4xx_HAL_Driver/Src/stm32f4xx_hal_i2c.o
 .text.I2C_WaitOnMasterAddressFlagUntilTimeout
                0x0000000008006152       0xfe ./Drivers/STM32F4xx_HAL_Driver/Src/stm32f4xx_hal_i2c.o
 .text.I2C_WaitOnTXEFlagUntilTimeout
                0x0000000008006250       0x82 ./Drivers/STM32F4xx_HAL_Driver/Src/stm32f4xx_hal_i2c.o
 .text.I2C_WaitOnBTFFlagUntilTimeout
                0x00000000080062d2       0x82 ./Drivers/STM32F4xx_HAL_Driver/Src/stm32f4xx_hal_i2c.o
 .text.I2C_WaitOnSTOPRequestThroughIT
                0x0000000008006354       0x64 ./Drivers/STM32F4xx_HAL_Driver/Src/stm32f4xx_hal_i2c.o
 .text.I2C_IsAcknowledgeFailed
                0x00000000080063b8       0x5e ./Drivers/STM32F4xx_HAL_Driver/Src/stm32f4xx_hal_i2c.o
 .text.I2C_ConvertOtherXferOptions
                0x0000000008006416       0x36 ./Drivers/STM32F4xx_HAL_Driver/Src/stm32f4xx_hal_i2c.o
 .text.HAL_RCC_ClockConfig
                0x000000000800644c      0x1cc ./Drivers/STM32F4xx_HAL_Driver/Src/stm32f4xx_hal_rcc.o
                0x000000000800644c                HAL_RCC_ClockConfig
 .text.HAL_RCC_GetHCLKFreq
                0x0000000008006618       0x18 ./Drivers/STM32F4xx_HAL_Driver/Src/stm32f4xx_hal_rcc.o
                0x0000000008006618                HAL_RCC_GetHCLKFreq
 .text.HAL_RCC_GetPCLK1Freq
                0x0000000008006630       0x28 ./Drivers/STM32F4xx_HAL_Driver/Src/stm32f4xx_hal_rcc.o
                0x0000000008006630                HAL_RCC_GetPCLK1Freq
 .text.HAL_RCC_GetPCLK2Freq
                0x0000000008006658       0x28 ./Drivers/STM32F4xx_HAL_Driver/Src/stm32f4xx_hal_rcc.o
                0x0000000008006658                HAL_RCC_GetPCLK2Freq
 .text.HAL_RCC_GetClockConfig
                0x0000000008006680       0x64 ./Drivers/STM32F4xx_HAL_Driver/Src/stm32f4xx_hal_rcc.o
                0x0000000008006680                HAL_RCC_GetClockConfig
 .text.HAL_RCCEx_PeriphCLKConfig
                0x00000000080066e4      0x654 ./Drivers/STM32F4xx_HAL_Driver/Src/stm32f4xx_hal_rcc_ex.o
                0x00000000080066e4                HAL_RCCEx_PeriphCLKConfig
 .text.HAL_RCC_GetSysClockFreq
                0x0000000008006d38      0x460 ./Drivers/STM32F4xx_HAL_Driver/Src/stm32f4xx_hal_rcc_ex.o
                0x0000000008006d38                HAL_RCC_GetSysClockFreq
 .text.HAL_RCC_OscConfig
                0x0000000008007198      0x53c ./Drivers/STM32F4xx_HAL_Driver/Src/stm32f4xx_hal_rcc_ex.o
                0x0000000008007198                HAL_RCC_OscConfig
 .text.HAL_RTC_Init
                0x00000000080076d4       0xec ./Drivers/STM32F4xx_HAL_Driver/Src/stm32f4xx_hal_rtc.o
                0x00000000080076d4                HAL_RTC_Init
 .text.HAL_RTC_SetTime
                0x00000000080077c0      0x134 ./Drivers/STM32F4xx_HAL_Driver/Src/stm32f4xx_hal_rtc.o
                0x00000000080077c0                HAL_RTC_SetTime
 .text.HAL_RTC_GetTime
                0x00000000080078f4       0xbc ./Drivers/STM32F4xx_HAL_Driver/Src/stm32f4xx_hal_rtc.o
                0x00000000080078f4                HAL_RTC_GetTime
 .text.HAL_RTC_SetDate
                0x00000000080079b0      0x108 ./Drivers/STM32F4xx_HAL_Driver/Src/stm32f4xx_hal_rtc.o
                0x00000000080079b0                HAL_RTC_SetDate
 .text.HAL_RTC_GetDate
                0x0000000008007ab8       0x9e ./Drivers/STM32F4xx_HAL_Driver/Src/stm32f4xx_hal_rtc.o
                0x0000000008007ab8                HAL_RTC_GetDate
 .text.HAL_RTC_SetAlarm
                0x0000000008007b56      0x254 ./Drivers/STM32F4xx_HAL_Driver/Src/stm32f4xx_hal_rtc.o
                0x0000000008007b56                HAL_RTC_SetAlarm
 .text.HAL_RTC_WaitForSynchro
                0x0000000008007daa       0x50 ./Drivers/STM32F4xx_HAL_Driver/Src/stm32f4xx_hal_rtc.o
                0x0000000008007daa                HAL_RTC_WaitForSynchro
 .text.RTC_EnterInitMode
                0x0000000008007dfa       0x6e ./Drivers/STM32F4xx_HAL_Driver/Src/stm32f4xx_hal_rtc.o
                0x0000000008007dfa                RTC_EnterInitMode
 .text.RTC_ExitInitMode
                0x0000000008007e68       0x4a ./Drivers/STM32F4xx_HAL_Driver/Src/stm32f4xx_hal_rtc.o
                0x0000000008007e68                RTC_ExitInitMode
 .text.RTC_ByteToBcd2
                0x0000000008007eb2       0x3a ./Drivers/STM32F4xx_HAL_Driver/Src/stm32f4xx_hal_rtc.o
                0x0000000008007eb2                RTC_ByteToBcd2
 .text.RTC_Bcd2ToByte
                0x0000000008007eec       0x38 ./Drivers/STM32F4xx_HAL_Driver/Src/stm32f4xx_hal_rtc.o
                0x0000000008007eec                RTC_Bcd2ToByte
 .text.HAL_SPI_Init
                0x0000000008007f24      0x112 ./Drivers/STM32F4xx_HAL_Driver/Src/stm32f4xx_hal_spi.o
                0x0000000008007f24                HAL_SPI_Init
 .text.HAL_SPI_Transmit
                0x0000000008008036      0x278 ./Drivers/STM32F4xx_HAL_Driver/Src/stm32f4xx_hal_spi.o
                0x0000000008008036                HAL_SPI_Transmit
 .text.HAL_SPI_TransmitReceive
                0x00000000080082ae      0x344 ./Drivers/STM32F4xx_HAL_Driver/Src/stm32f4xx_hal_spi.o
                0x00000000080082ae                HAL_SPI_TransmitReceive
 *fill*         0x00000000080085f2        0x2 
 .text.SPI_WaitFlagStateUntilTimeout
                0x00000000080085f4      0x110 ./Drivers/STM32F4xx_HAL_Driver/Src/stm32f4xx_hal_spi.o
 .text.SPI_EndRxTxTransaction
                0x0000000008008704       0x84 ./Drivers/STM32F4xx_HAL_Driver/Src/stm32f4xx_hal_spi.o
 .text.HAL_TIM_Base_Init
                0x0000000008008788       0x9e ./Drivers/STM32F4xx_HAL_Driver/Src/stm32f4xx_hal_tim.o
                0x0000000008008788                HAL_TIM_Base_Init
 *fill*         0x0000000008008826        0x2 
 .text.HAL_TIM_Base_Start_IT
                0x0000000008008828       0xe0 ./Drivers/STM32F4xx_HAL_Driver/Src/stm32f4xx_hal_tim.o
                0x0000000008008828                HAL_TIM_Base_Start_IT
 .text.HAL_TIM_IRQHandler
                0x0000000008008908      0x210 ./Drivers/STM32F4xx_HAL_Driver/Src/stm32f4xx_hal_tim.o
                0x0000000008008908                HAL_TIM_IRQHandler
 .text.HAL_TIM_ConfigClockSource
                0x0000000008008b18      0x18e ./Drivers/STM32F4xx_HAL_Driver/Src/stm32f4xx_hal_tim.o
                0x0000000008008b18                HAL_TIM_ConfigClockSource
 .text.HAL_TIM_OC_DelayElapsedCallback
                0x0000000008008ca6       0x14 ./Drivers/STM32F4xx_HAL_Driver/Src/stm32f4xx_hal_tim.o
                0x0000000008008ca6                HAL_TIM_OC_DelayElapsedCallback
 .text.HAL_TIM_IC_CaptureCallback
                0x0000000008008cba       0x14 ./Drivers/STM32F4xx_HAL_Driver/Src/stm32f4xx_hal_tim.o
                0x0000000008008cba                HAL_TIM_IC_CaptureCallback
 .text.HAL_TIM_PWM_PulseFinishedCallback
                0x0000000008008cce       0x14 ./Drivers/STM32F4xx_HAL_Driver/Src/stm32f4xx_hal_tim.o
                0x0000000008008cce                HAL_TIM_PWM_PulseFinishedCallback
 .text.HAL_TIM_TriggerCallback
                0x0000000008008ce2       0x14 ./Drivers/STM32F4xx_HAL_Driver/Src/stm32f4xx_hal_tim.o
                0x0000000008008ce2                HAL_TIM_TriggerCallback
 *fill*         0x0000000008008cf6        0x2 
 .text.TIM_Base_SetConfig
                0x0000000008008cf8      0x140 ./Drivers/STM32F4xx_HAL_Driver/Src/stm32f4xx_hal_tim.o
                0x0000000008008cf8                TIM_Base_SetConfig
 .text.TIM_TI1_ConfigInputStage
                0x0000000008008e38       0x5e ./Drivers/STM32F4xx_HAL_Driver/Src/stm32f4xx_hal_tim.o
 .text.TIM_TI2_ConfigInputStage
                0x0000000008008e96       0x60 ./Drivers/STM32F4xx_HAL_Driver/Src/stm32f4xx_hal_tim.o
 .text.TIM_ITRx_SetConfig
                0x0000000008008ef6       0x36 ./Drivers/STM32F4xx_HAL_Driver/Src/stm32f4xx_hal_tim.o
 .text.TIM_ETR_SetConfig
                0x0000000008008f2c       0x40 ./Drivers/STM32F4xx_HAL_Driver/Src/stm32f4xx_hal_tim.o
                0x0000000008008f2c                TIM_ETR_SetConfig
 .text.HAL_TIMEx_MasterConfigSynchronization
                0x0000000008008f6c       0xf8 ./Drivers/STM32F4xx_HAL_Driver/Src/stm32f4xx_hal_tim_ex.o
                0x0000000008008f6c                HAL_TIMEx_MasterConfigSynchronization
 .text.HAL_TIMEx_CommutCallback
                0x0000000008009064       0x14 ./Drivers/STM32F4xx_HAL_Driver/Src/stm32f4xx_hal_tim_ex.o
                0x0000000008009064                HAL_TIMEx_CommutCallback
 .text.HAL_TIMEx_BreakCallback
                0x0000000008009078       0x14 ./Drivers/STM32F4xx_HAL_Driver/Src/stm32f4xx_hal_tim_ex.o
                0x0000000008009078                HAL_TIMEx_BreakCallback
 .text.HAL_UART_Init
                0x000000000800908c       0x9a ./Drivers/STM32F4xx_HAL_Driver/Src/stm32f4xx_hal_uart.o
                0x000000000800908c                HAL_UART_Init
 .text.HAL_UART_Transmit
                0x0000000008009126      0x124 ./Drivers/STM32F4xx_HAL_Driver/Src/stm32f4xx_hal_uart.o
                0x0000000008009126                HAL_UART_Transmit
 .text.UART_WaitOnFlagUntilTimeout
                0x000000000800924a       0xdc ./Drivers/STM32F4xx_HAL_Driver/Src/stm32f4xx_hal_uart.o
 *fill*         0x0000000008009326        0x2 
 .text.UART_SetConfig
                0x0000000008009328      0x4e8 ./Drivers/STM32F4xx_HAL_Driver/Src/stm32f4xx_hal_uart.o
 .text.MX_FATFS_Init
                0x0000000008009810       0x24 ./FATFS/App/fatfs.o
                0x0000000008009810                MX_FATFS_Init
 .text.get_fattime
                0x0000000008009834       0x10 ./FATFS/App/fatfs.o
                0x0000000008009834                get_fattime
 .text.USER_initialize
                0x0000000008009844       0x1e ./FATFS/Target/user_diskio.o
                0x0000000008009844                USER_initialize
 .text.USER_status
                0x0000000008009862       0x1e ./FATFS/Target/user_diskio.o
                0x0000000008009862                USER_status
 .text.USER_read
                0x0000000008009880       0x28 ./FATFS/Target/user_diskio.o
                0x0000000008009880                USER_read
 .text.USER_write
                0x00000000080098a8       0x28 ./FATFS/Target/user_diskio.o
                0x00000000080098a8                USER_write
 .text.USER_ioctl
                0x00000000080098d0       0x28 ./FATFS/Target/user_diskio.o
                0x00000000080098d0                USER_ioctl
 .text.disk_status
                0x00000000080098f8       0x34 ./Middlewares/Third_Party/FatFs/src/diskio.o
                0x00000000080098f8                disk_status
 .text.disk_initialize
                0x000000000800992c       0x4c ./Middlewares/Third_Party/FatFs/src/diskio.o
                0x000000000800992c                disk_initialize
 .text.disk_read
                0x0000000008009978       0x40 ./Middlewares/Third_Party/FatFs/src/diskio.o
                0x0000000008009978                disk_read
 .text.disk_write
                0x00000000080099b8       0x40 ./Middlewares/Third_Party/FatFs/src/diskio.o
                0x00000000080099b8                disk_write
 .text.disk_ioctl
                0x00000000080099f8       0x3c ./Middlewares/Third_Party/FatFs/src/diskio.o
                0x00000000080099f8                disk_ioctl
 .text.ld_word  0x0000000008009a34       0x30 ./Middlewares/Third_Party/FatFs/src/ff.o
 .text.ld_dword
                0x0000000008009a64       0x46 ./Middlewares/Third_Party/FatFs/src/ff.o
 .text.st_word  0x0000000008009aaa       0x36 ./Middlewares/Third_Party/FatFs/src/ff.o
 .text.st_dword
                0x0000000008009ae0       0x58 ./Middlewares/Third_Party/FatFs/src/ff.o
 .text.mem_cpy  0x0000000008009b38       0x42 ./Middlewares/Third_Party/FatFs/src/ff.o
 .text.mem_set  0x0000000008009b7a       0x36 ./Middlewares/Third_Party/FatFs/src/ff.o
 .text.mem_cmp  0x0000000008009bb0       0x4e ./Middlewares/Third_Party/FatFs/src/ff.o
 .text.chk_chr  0x0000000008009bfe       0x36 ./Middlewares/Third_Party/FatFs/src/ff.o
 .text.lock_fs  0x0000000008009c34       0x2c ./Middlewares/Third_Party/FatFs/src/ff.o
 .text.unlock_fs
                0x0000000008009c60       0x36 ./Middlewares/Third_Party/FatFs/src/ff.o
 *fill*         0x0000000008009c96        0x2 
 .text.chk_lock
                0x0000000008009c98       0xb8 ./Middlewares/Third_Party/FatFs/src/ff.o
 .text.enq_lock
                0x0000000008009d50       0x44 ./Middlewares/Third_Party/FatFs/src/ff.o
 .text.inc_lock
                0x0000000008009d94      0x11c ./Middlewares/Third_Party/FatFs/src/ff.o
 .text.dec_lock
                0x0000000008009eb0       0x78 ./Middlewares/Third_Party/FatFs/src/ff.o
 .text.clear_lock
                0x0000000008009f28       0x48 ./Middlewares/Third_Party/FatFs/src/ff.o
 .text.sync_window
                0x0000000008009f70       0x88 ./Middlewares/Third_Party/FatFs/src/ff.o
 .text.move_window
                0x0000000008009ff8       0x5a ./Middlewares/Third_Party/FatFs/src/ff.o
 *fill*         0x000000000800a052        0x2 
 .text.sync_fs  0x000000000800a054       0xe0 ./Middlewares/Third_Party/FatFs/src/ff.o
 .text.clust2sect
                0x000000000800a134       0x3e ./Middlewares/Third_Party/FatFs/src/ff.o
 .text.get_fat  0x000000000800a172      0x1a8 ./Middlewares/Third_Party/FatFs/src/ff.o
 .text.put_fat  0x000000000800a31a      0x234 ./Middlewares/Third_Party/FatFs/src/ff.o
 .text.remove_chain
                0x000000000800a54e       0xca ./Middlewares/Third_Party/FatFs/src/ff.o
 .text.create_chain
                0x000000000800a618      0x130 ./Middlewares/Third_Party/FatFs/src/ff.o
 .text.clmt_clust
                0x000000000800a748       0x70 ./Middlewares/Third_Party/FatFs/src/ff.o
 .text.dir_sdi  0x000000000800a7b8      0x112 ./Middlewares/Third_Party/FatFs/src/ff.o
 .text.dir_next
                0x000000000800a8ca      0x1ac ./Middlewares/Third_Party/FatFs/src/ff.o
 .text.dir_alloc
                0x000000000800aa76       0x8e ./Middlewares/Third_Party/FatFs/src/ff.o
 .text.ld_clust
                0x000000000800ab04       0x3e ./Middlewares/Third_Party/FatFs/src/ff.o
 .text.st_clust
                0x000000000800ab42       0x40 ./Middlewares/Third_Party/FatFs/src/ff.o
 *fill*         0x000000000800ab82        0x2 
 .text.cmp_lfn  0x000000000800ab84       0xe0 ./Middlewares/Third_Party/FatFs/src/ff.o
 .text.put_lfn  0x000000000800ac64       0xd0 ./Middlewares/Third_Party/FatFs/src/ff.o
 .text.gen_numname
                0x000000000800ad34      0x11c ./Middlewares/Third_Party/FatFs/src/ff.o
 .text.sum_sfn  0x000000000800ae50       0x42 ./Middlewares/Third_Party/FatFs/src/ff.o
 .text.dir_find
                0x000000000800ae92      0x180 ./Middlewares/Third_Party/FatFs/src/ff.o
 *fill*         0x000000000800b012        0x2 
 .text.dir_register
                0x000000000800b014      0x1f0 ./Middlewares/Third_Party/FatFs/src/ff.o
 .text.create_name
                0x000000000800b204      0x370 ./Middlewares/Third_Party/FatFs/src/ff.o
 .text.follow_path
                0x000000000800b574       0xec ./Middlewares/Third_Party/FatFs/src/ff.o
 .text.get_ldnumber
                0x000000000800b660       0x88 ./Middlewares/Third_Party/FatFs/src/ff.o
 .text.check_fs
                0x000000000800b6e8       0xac ./Middlewares/Third_Party/FatFs/src/ff.o
 .text.find_volume
                0x000000000800b794      0x510 ./Middlewares/Third_Party/FatFs/src/ff.o
 .text.validate
                0x000000000800bca4       0x8e ./Middlewares/Third_Party/FatFs/src/ff.o
 *fill*         0x000000000800bd32        0x2 
 .text.f_mount  0x000000000800bd34       0xc8 ./Middlewares/Third_Party/FatFs/src/ff.o
                0x000000000800bd34                f_mount
 .text.f_open   0x000000000800bdfc      0x5a0 ./Middlewares/Third_Party/FatFs/src/ff.o
                0x000000000800bdfc                f_open
 .text.f_write  0x000000000800c39c      0x386 ./Middlewares/Third_Party/FatFs/src/ff.o
                0x000000000800c39c                f_write
 .text.f_sync   0x000000000800c722      0x112 ./Middlewares/Third_Party/FatFs/src/ff.o
                0x000000000800c722                f_sync
 .text.f_close  0x000000000800c834       0x5e ./Middlewares/Third_Party/FatFs/src/ff.o
                0x000000000800c834                f_close
 .text.putc_bfd
                0x000000000800c892       0x7a ./Middlewares/Third_Party/FatFs/src/ff.o
 .text.putc_flush
                0x000000000800c90c       0x4a ./Middlewares/Third_Party/FatFs/src/ff.o
 .text.putc_init
                0x000000000800c956       0x2a ./Middlewares/Third_Party/FatFs/src/ff.o
 .text.f_puts   0x000000000800c980       0x48 ./Middlewares/Third_Party/FatFs/src/ff.o
                0x000000000800c980                f_puts
 .text.FATFS_LinkDriverEx
                0x000000000800c9c8       0x98 ./Middlewares/Third_Party/FatFs/src/ff_gen_drv.o
                0x000000000800c9c8                FATFS_LinkDriverEx
 .text.FATFS_LinkDriver
                0x000000000800ca60       0x1e ./Middlewares/Third_Party/FatFs/src/ff_gen_drv.o
                0x000000000800ca60                FATFS_LinkDriver
 *fill*         0x000000000800ca7e        0x2 
 .text.ff_convert
                0x000000000800ca80       0x78 ./Middlewares/Third_Party/FatFs/src/option/ccsbcs.o
                0x000000000800ca80                ff_convert
 .text.ff_wtoupper
                0x000000000800caf8      0x114 ./Middlewares/Third_Party/FatFs/src/option/ccsbcs.o
                0x000000000800caf8                ff_wtoupper
 .text.ff_cre_syncobj
                0x000000000800cc0c       0x36 ./Middlewares/Third_Party/FatFs/src/option/syscall.o
                0x000000000800cc0c                ff_cre_syncobj
 .text.ff_del_syncobj
                0x000000000800cc42       0x18 ./Middlewares/Third_Party/FatFs/src/option/syscall.o
                0x000000000800cc42                ff_del_syncobj
 .text.ff_req_grant
                0x000000000800cc5a       0x2a ./Middlewares/Third_Party/FatFs/src/option/syscall.o
                0x000000000800cc5a                ff_req_grant
 .text.ff_rel_grant
                0x000000000800cc84       0x16 ./Middlewares/Third_Party/FatFs/src/option/syscall.o
                0x000000000800cc84                ff_rel_grant
 *fill*         0x000000000800cc9a        0x2 
 .text.__NVIC_SetPriority
                0x000000000800cc9c       0x54 ./Middlewares/Third_Party/FreeRTOS/Source/CMSIS_RTOS_V2/cmsis_os2.o
 .text.SysTick_Handler
                0x000000000800ccf0       0x20 ./Middlewares/Third_Party/FreeRTOS/Source/CMSIS_RTOS_V2/cmsis_os2.o
                0x000000000800ccf0                SysTick_Handler
 .text.SVC_Setup
                0x000000000800cd10       0x12 ./Middlewares/Third_Party/FreeRTOS/Source/CMSIS_RTOS_V2/cmsis_os2.o
 *fill*         0x000000000800cd22        0x2 
 .text.osKernelInitialize
                0x000000000800cd24       0x48 ./Middlewares/Third_Party/FreeRTOS/Source/CMSIS_RTOS_V2/cmsis_os2.o
                0x000000000800cd24                osKernelInitialize
 .text.osKernelStart
                0x000000000800cd6c       0x4c ./Middlewares/Third_Party/FreeRTOS/Source/CMSIS_RTOS_V2/cmsis_os2.o
                0x000000000800cd6c                osKernelStart
 .text.osThreadNew
                0x000000000800cdb8      0x124 ./Middlewares/Third_Party/FreeRTOS/Source/CMSIS_RTOS_V2/cmsis_os2.o
                0x000000000800cdb8                osThreadNew
 .text.osDelay  0x000000000800cedc       0x36 ./Middlewares/Third_Party/FreeRTOS/Source/CMSIS_RTOS_V2/cmsis_os2.o
                0x000000000800cedc                osDelay
 .text.osSemaphoreNew
                0x000000000800cf12      0x112 ./Middlewares/Third_Party/FreeRTOS/Source/CMSIS_RTOS_V2/cmsis_os2.o
                0x000000000800cf12                osSemaphoreNew
 .text.osSemaphoreAcquire
                0x000000000800d024       0xa4 ./Middlewares/Third_Party/FreeRTOS/Source/CMSIS_RTOS_V2/cmsis_os2.o
                0x000000000800d024                osSemaphoreAcquire
 .text.osSemaphoreRelease
                0x000000000800d0c8       0x88 ./Middlewares/Third_Party/FreeRTOS/Source/CMSIS_RTOS_V2/cmsis_os2.o
                0x000000000800d0c8                osSemaphoreRelease
 .text.osSemaphoreDelete
                0x000000000800d150       0x48 ./Middlewares/Third_Party/FreeRTOS/Source/CMSIS_RTOS_V2/cmsis_os2.o
                0x000000000800d150                osSemaphoreDelete
 .text.vApplicationGetIdleTaskMemory
                0x000000000800d198       0x34 ./Middlewares/Third_Party/FreeRTOS/Source/CMSIS_RTOS_V2/cmsis_os2.o
                0x000000000800d198                vApplicationGetIdleTaskMemory
 .text.vApplicationGetTimerTaskMemory
                0x000000000800d1cc       0x34 ./Middlewares/Third_Party/FreeRTOS/Source/CMSIS_RTOS_V2/cmsis_os2.o
                0x000000000800d1cc                vApplicationGetTimerTaskMemory
 .text.vListInitialise
                0x000000000800d200       0x40 ./Middlewares/Third_Party/FreeRTOS/Source/list.o
                0x000000000800d200                vListInitialise
 .text.vListInitialiseItem
                0x000000000800d240       0x1a ./Middlewares/Third_Party/FreeRTOS/Source/list.o
                0x000000000800d240                vListInitialiseItem
 .text.vListInsertEnd
                0x000000000800d25a       0x48 ./Middlewares/Third_Party/FreeRTOS/Source/list.o
                0x000000000800d25a                vListInsertEnd
 .text.vListInsert
                0x000000000800d2a2       0x72 ./Middlewares/Third_Party/FreeRTOS/Source/list.o
                0x000000000800d2a2                vListInsert
 .text.uxListRemove
                0x000000000800d314       0x54 ./Middlewares/Third_Party/FreeRTOS/Source/list.o
                0x000000000800d314                uxListRemove
 .text.xQueueGenericReset
                0x000000000800d368       0xd0 ./Middlewares/Third_Party/FreeRTOS/Source/queue.o
                0x000000000800d368                xQueueGenericReset
 .text.xQueueGenericCreateStatic
                0x000000000800d438       0xf0 ./Middlewares/Third_Party/FreeRTOS/Source/queue.o
                0x000000000800d438                xQueueGenericCreateStatic
 .text.xQueueGenericCreate
                0x000000000800d528       0x74 ./Middlewares/Third_Party/FreeRTOS/Source/queue.o
                0x000000000800d528                xQueueGenericCreate
 .text.prvInitialiseNewQueue
                0x000000000800d59c       0x46 ./Middlewares/Third_Party/FreeRTOS/Source/queue.o
 .text.prvInitialiseMutex
                0x000000000800d5e2       0x34 ./Middlewares/Third_Party/FreeRTOS/Source/queue.o
 .text.xQueueCreateMutex
                0x000000000800d616       0x30 ./Middlewares/Third_Party/FreeRTOS/Source/queue.o
                0x000000000800d616                xQueueCreateMutex
 .text.xQueueCreateCountingSemaphoreStatic
                0x000000000800d646       0x6e ./Middlewares/Third_Party/FreeRTOS/Source/queue.o
                0x000000000800d646                xQueueCreateCountingSemaphoreStatic
 .text.xQueueCreateCountingSemaphore
                0x000000000800d6b4       0x66 ./Middlewares/Third_Party/FreeRTOS/Source/queue.o
                0x000000000800d6b4                xQueueCreateCountingSemaphore
 *fill*         0x000000000800d71a        0x2 
 .text.xQueueGenericSend
                0x000000000800d71c      0x1fc ./Middlewares/Third_Party/FreeRTOS/Source/queue.o
                0x000000000800d71c                xQueueGenericSend
 .text.xQueueGenericSendFromISR
                0x000000000800d918      0x136 ./Middlewares/Third_Party/FreeRTOS/Source/queue.o
                0x000000000800d918                xQueueGenericSendFromISR
 .text.xQueueGiveFromISR
                0x000000000800da4e      0x11a ./Middlewares/Third_Party/FreeRTOS/Source/queue.o
                0x000000000800da4e                xQueueGiveFromISR
 .text.xQueueReceive
                0x000000000800db68      0x1c0 ./Middlewares/Third_Party/FreeRTOS/Source/queue.o
                0x000000000800db68                xQueueReceive
 .text.xQueueSemaphoreTake
                0x000000000800dd28      0x218 ./Middlewares/Third_Party/FreeRTOS/Source/queue.o
                0x000000000800dd28                xQueueSemaphoreTake
 .text.xQueueReceiveFromISR
                0x000000000800df40      0x100 ./Middlewares/Third_Party/FreeRTOS/Source/queue.o
                0x000000000800df40                xQueueReceiveFromISR
 .text.vQueueDelete
                0x000000000800e040       0x46 ./Middlewares/Third_Party/FreeRTOS/Source/queue.o
                0x000000000800e040                vQueueDelete
 .text.prvGetDisinheritPriorityAfterTimeout
                0x000000000800e086       0x30 ./Middlewares/Third_Party/FreeRTOS/Source/queue.o
 .text.prvCopyDataToQueue
                0x000000000800e0b6       0xd4 ./Middlewares/Third_Party/FreeRTOS/Source/queue.o
 .text.prvCopyDataFromQueue
                0x000000000800e18a       0x4c ./Middlewares/Third_Party/FreeRTOS/Source/queue.o
 .text.prvUnlockQueue
                0x000000000800e1d6       0xa4 ./Middlewares/Third_Party/FreeRTOS/Source/queue.o
 .text.prvIsQueueEmpty
                0x000000000800e27a       0x2c ./Middlewares/Third_Party/FreeRTOS/Source/queue.o
 .text.prvIsQueueFull
                0x000000000800e2a6       0x30 ./Middlewares/Third_Party/FreeRTOS/Source/queue.o
 *fill*         0x000000000800e2d6        0x2 
 .text.vQueueAddToRegistry
                0x000000000800e2d8       0x54 ./Middlewares/Third_Party/FreeRTOS/Source/queue.o
                0x000000000800e2d8                vQueueAddToRegistry
 .text.vQueueUnregisterQueue
                0x000000000800e32c       0x54 ./Middlewares/Third_Party/FreeRTOS/Source/queue.o
                0x000000000800e32c                vQueueUnregisterQueue
 .text.vQueueWaitForMessageRestricted
                0x000000000800e380       0x68 ./Middlewares/Third_Party/FreeRTOS/Source/queue.o
                0x000000000800e380                vQueueWaitForMessageRestricted
 .text.xTaskCreateStatic
                0x000000000800e3e8       0xba ./Middlewares/Third_Party/FreeRTOS/Source/tasks.o
                0x000000000800e3e8                xTaskCreateStatic
 .text.xTaskCreate
                0x000000000800e4a2       0x8a ./Middlewares/Third_Party/FreeRTOS/Source/tasks.o
                0x000000000800e4a2                xTaskCreate
 .text.prvInitialiseNewTask
                0x000000000800e52c      0x158 ./Middlewares/Third_Party/FreeRTOS/Source/tasks.o
 .text.prvAddNewTaskToReadyList
                0x000000000800e684       0xe0 ./Middlewares/Third_Party/FreeRTOS/Source/tasks.o
 .text.vTaskDelay
                0x000000000800e764       0x68 ./Middlewares/Third_Party/FreeRTOS/Source/tasks.o
                0x000000000800e764                vTaskDelay
 .text.vTaskStartScheduler
                0x000000000800e7cc       0xe4 ./Middlewares/Third_Party/FreeRTOS/Source/tasks.o
                0x000000000800e7cc                vTaskStartScheduler
 .text.vTaskSuspendAll
                0x000000000800e8b0       0x1c ./Middlewares/Third_Party/FreeRTOS/Source/tasks.o
                0x000000000800e8b0                vTaskSuspendAll
 .text.prvGetExpectedIdleTime
                0x000000000800e8cc       0x70 ./Middlewares/Third_Party/FreeRTOS/Source/tasks.o
 .text.xTaskResumeAll
                0x000000000800e93c      0x13c ./Middlewares/Third_Party/FreeRTOS/Source/tasks.o
                0x000000000800e93c                xTaskResumeAll
 .text.xTaskGetTickCount
                0x000000000800ea78       0x20 ./Middlewares/Third_Party/FreeRTOS/Source/tasks.o
                0x000000000800ea78                xTaskGetTickCount
 .text.xTaskIncrementTick
                0x000000000800ea98      0x174 ./Middlewares/Third_Party/FreeRTOS/Source/tasks.o
                0x000000000800ea98                xTaskIncrementTick
 .text.vTaskSwitchContext
                0x000000000800ec0c      0x100 ./Middlewares/Third_Party/FreeRTOS/Source/tasks.o
                0x000000000800ec0c                vTaskSwitchContext
 .text.vTaskPlaceOnEventList
                0x000000000800ed0c       0x48 ./Middlewares/Third_Party/FreeRTOS/Source/tasks.o
                0x000000000800ed0c                vTaskPlaceOnEventList
 .text.vTaskPlaceOnEventListRestricted
                0x000000000800ed54       0x58 ./Middlewares/Third_Party/FreeRTOS/Source/tasks.o
                0x000000000800ed54                vTaskPlaceOnEventListRestricted
 .text.xTaskRemoveFromEventList
                0x000000000800edac       0xcc ./Middlewares/Third_Party/FreeRTOS/Source/tasks.o
                0x000000000800edac                xTaskRemoveFromEventList
 .text.vTaskInternalSetTimeOutState
                0x000000000800ee78       0x2c ./Middlewares/Third_Party/FreeRTOS/Source/tasks.o
                0x000000000800ee78                vTaskInternalSetTimeOutState
 .text.xTaskCheckForTimeOut
                0x000000000800eea4       0xc4 ./Middlewares/Third_Party/FreeRTOS/Source/tasks.o
                0x000000000800eea4                xTaskCheckForTimeOut
 .text.vTaskMissedYield
                0x000000000800ef68       0x18 ./Middlewares/Third_Party/FreeRTOS/Source/tasks.o
                0x000000000800ef68                vTaskMissedYield
 .text.prvIdleTask
                0x000000000800ef80       0x80 ./Middlewares/Third_Party/FreeRTOS/Source/tasks.o
 .text.prvInitialiseTaskLists
                0x000000000800f000       0x80 ./Middlewares/Third_Party/FreeRTOS/Source/tasks.o
 .text.prvCheckTasksWaitingTermination
                0x000000000800f080       0x5c ./Middlewares/Third_Party/FreeRTOS/Source/tasks.o
 .text.prvDeleteTCB
                0x000000000800f0dc       0x68 ./Middlewares/Third_Party/FreeRTOS/Source/tasks.o
 .text.prvResetNextTaskUnblockTime
                0x000000000800f144       0x40 ./Middlewares/Third_Party/FreeRTOS/Source/tasks.o
 .text.xTaskGetSchedulerState
                0x000000000800f184       0x3c ./Middlewares/Third_Party/FreeRTOS/Source/tasks.o
                0x000000000800f184                xTaskGetSchedulerState
 .text.xTaskPriorityInherit
                0x000000000800f1c0       0xd0 ./Middlewares/Third_Party/FreeRTOS/Source/tasks.o
                0x000000000800f1c0                xTaskPriorityInherit
 .text.xTaskPriorityDisinherit
                0x000000000800f290       0xdc ./Middlewares/Third_Party/FreeRTOS/Source/tasks.o
                0x000000000800f290                xTaskPriorityDisinherit
 .text.vTaskPriorityDisinheritAfterTimeout
                0x000000000800f36c      0x104 ./Middlewares/Third_Party/FreeRTOS/Source/tasks.o
                0x000000000800f36c                vTaskPriorityDisinheritAfterTimeout
 .text.pvTaskIncrementMutexHeldCount
                0x000000000800f470       0x28 ./Middlewares/Third_Party/FreeRTOS/Source/tasks.o
                0x000000000800f470                pvTaskIncrementMutexHeldCount
 .text.prvAddCurrentTaskToDelayedList
                0x000000000800f498       0xa8 ./Middlewares/Third_Party/FreeRTOS/Source/tasks.o
 .text.xTimerCreateTimerTask
                0x000000000800f540       0x90 ./Middlewares/Third_Party/FreeRTOS/Source/timers.o
                0x000000000800f540                xTimerCreateTimerTask
 .text.xTimerCreate
                0x000000000800f5d0       0x42 ./Middlewares/Third_Party/FreeRTOS/Source/timers.o
                0x000000000800f5d0                xTimerCreate
 .text.prvInitialiseNewTimer
                0x000000000800f612       0x76 ./Middlewares/Third_Party/FreeRTOS/Source/timers.o
 .text.xTimerGenericCommand
                0x000000000800f688       0x9c ./Middlewares/Third_Party/FreeRTOS/Source/timers.o
                0x000000000800f688                xTimerGenericCommand
 .text.prvProcessExpiredTimer
                0x000000000800f724       0x98 ./Middlewares/Third_Party/FreeRTOS/Source/timers.o
 .text.prvTimerTask
                0x000000000800f7bc       0x24 ./Middlewares/Third_Party/FreeRTOS/Source/timers.o
 .text.prvProcessTimerOrBlockTask
                0x000000000800f7e0       0x9c ./Middlewares/Third_Party/FreeRTOS/Source/timers.o
 .text.prvGetNextExpireTime
                0x000000000800f87c       0x48 ./Middlewares/Third_Party/FreeRTOS/Source/timers.o
 .text.prvSampleTimeNow
                0x000000000800f8c4       0x40 ./Middlewares/Third_Party/FreeRTOS/Source/timers.o
 .text.prvInsertTimerInActiveList
                0x000000000800f904       0x84 ./Middlewares/Third_Party/FreeRTOS/Source/timers.o
 .text.prvProcessReceivedCommands
                0x000000000800f988      0x1c4 ./Middlewares/Third_Party/FreeRTOS/Source/timers.o
 .text.prvSwitchTimerLists
                0x000000000800fb4c       0xc8 ./Middlewares/Third_Party/FreeRTOS/Source/timers.o
 .text.prvCheckForValidListAndQueue
                0x000000000800fc14       0x80 ./Middlewares/Third_Party/FreeRTOS/Source/timers.o
 .text.pxPortInitialiseStack
                0x000000000800fc94       0x68 ./Middlewares/Third_Party/FreeRTOS/Source/portable/GCC/ARM_CM4F/port.o
                0x000000000800fc94                pxPortInitialiseStack
 .text.prvTaskExitError
                0x000000000800fcfc       0x58 ./Middlewares/Third_Party/FreeRTOS/Source/portable/GCC/ARM_CM4F/port.o
 *fill*         0x000000000800fd54        0xc 
 .text.SVC_Handler
                0x000000000800fd60       0x28 ./Middlewares/Third_Party/FreeRTOS/Source/portable/GCC/ARM_CM4F/port.o
                0x000000000800fd60                SVC_Handler
 .text.prvPortStartFirstTask
                0x000000000800fd88       0x28 ./Middlewares/Third_Party/FreeRTOS/Source/portable/GCC/ARM_CM4F/port.o
 .text.xPortStartScheduler
                0x000000000800fdb0      0x144 ./Middlewares/Third_Party/FreeRTOS/Source/portable/GCC/ARM_CM4F/port.o
                0x000000000800fdb0                xPortStartScheduler
 .text.vPortEnterCritical
                0x000000000800fef4       0x60 ./Middlewares/Third_Party/FreeRTOS/Source/portable/GCC/ARM_CM4F/port.o
                0x000000000800fef4                vPortEnterCritical
 .text.vPortExitCritical
                0x000000000800ff54       0x54 ./Middlewares/Third_Party/FreeRTOS/Source/portable/GCC/ARM_CM4F/port.o
                0x000000000800ff54                vPortExitCritical
 *fill*         0x000000000800ffa8        0x8 
 .text.PendSV_Handler
                0x000000000800ffb0       0x68 ./Middlewares/Third_Party/FreeRTOS/Source/portable/GCC/ARM_CM4F/port.o
                0x000000000800ffb0                PendSV_Handler
 .text.xPortSysTickHandler
                0x0000000008010018       0x44 ./Middlewares/Third_Party/FreeRTOS/Source/portable/GCC/ARM_CM4F/port.o
                0x0000000008010018                xPortSysTickHandler
 .text.vPortSetupTimerInterrupt
                0x000000000801005c       0x48 ./Middlewares/Third_Party/FreeRTOS/Source/portable/GCC/ARM_CM4F/port.o
                0x000000000801005c                vPortSetupTimerInterrupt
 .text.vPortEnableVFP
                0x00000000080100a4       0x14 ./Middlewares/Third_Party/FreeRTOS/Source/portable/GCC/ARM_CM4F/port.o
 .text.vPortValidateInterruptPriority
                0x00000000080100b8       0x80 ./Middlewares/Third_Party/FreeRTOS/Source/portable/GCC/ARM_CM4F/port.o
                0x00000000080100b8                vPortValidateInterruptPriority
 .text.pvPortMalloc
                0x0000000008010138      0x198 ./Middlewares/Third_Party/FreeRTOS/Source/portable/MemMang/heap_4.o
                0x0000000008010138                pvPortMalloc
 .text.vPortFree
                0x00000000080102d0       0xc4 ./Middlewares/Third_Party/FreeRTOS/Source/portable/MemMang/heap_4.o
                0x00000000080102d0                vPortFree
 .text.prvHeapInit
                0x0000000008010394       0xc4 ./Middlewares/Third_Party/FreeRTOS/Source/portable/MemMang/heap_4.o
 .text.prvInsertBlockIntoFreeList
                0x0000000008010458       0xb4 ./Middlewares/Third_Party/FreeRTOS/Source/portable/MemMang/heap_4.o
 .text.SSD1306_Init
                0x000000000801050c      0x188 ./OLED/ssd1306.o
                0x000000000801050c                SSD1306_Init
 .text.SSD1306_UpdateScreen
                0x0000000008010694       0x5c ./OLED/ssd1306.o
                0x0000000008010694                SSD1306_UpdateScreen
 .text.SSD1306_Fill
                0x00000000080106f0       0x30 ./OLED/ssd1306.o
                0x00000000080106f0                SSD1306_Fill
 .text.SSD1306_DrawPixel
                0x0000000008010720       0xc0 ./OLED/ssd1306.o
                0x0000000008010720                SSD1306_DrawPixel
 .text.SSD1306_GotoXY
                0x00000000080107e0       0x2c ./OLED/ssd1306.o
                0x00000000080107e0                SSD1306_GotoXY
 .text.SSD1306_Putc
                0x000000000801080c      0x100 ./OLED/ssd1306.o
                0x000000000801080c                SSD1306_Putc
 .text.SSD1306_Puts
                0x000000000801090c       0x4a ./OLED/ssd1306.o
                0x000000000801090c                SSD1306_Puts
 .text.SSD1306_Clear
                0x0000000008010956       0x12 ./OLED/ssd1306.o
                0x0000000008010956                SSD1306_Clear
 .text.ssd1306_I2C_Init
                0x0000000008010968       0x2c ./OLED/ssd1306.o
                0x0000000008010968                ssd1306_I2C_Init
 .text.ssd1306_I2C_WriteMulti
                0x0000000008010994       0xcc ./OLED/ssd1306.o
                0x0000000008010994                ssd1306_I2C_WriteMulti
 .text.ssd1306_I2C_Write
                0x0000000008010a60       0x3c ./OLED/ssd1306.o
                0x0000000008010a60                ssd1306_I2C_Write
 .text.SELECT   0x0000000008010a9c       0x1c ./SD_card/fatfs_sd.o
 .text.DESELECT
                0x0000000008010ab8       0x1c ./SD_card/fatfs_sd.o
 .text.SPI_TxByte
                0x0000000008010ad4       0x34 ./SD_card/fatfs_sd.o
 .text.SPI_TxBuffer
                0x0000000008010b08       0x34 ./SD_card/fatfs_sd.o
 .text.SPI_RxByte
                0x0000000008010b3c       0x38 ./SD_card/fatfs_sd.o
 .text.SPI_RxBytePtr
                0x0000000008010b74       0x1c ./SD_card/fatfs_sd.o
 .text.SD_ReadyWait
                0x0000000008010b90       0x34 ./SD_card/fatfs_sd.o
 .text.SD_PowerOn
                0x0000000008010bc4       0x84 ./SD_card/fatfs_sd.o
 .text.SD_PowerOff
                0x0000000008010c48       0x18 ./SD_card/fatfs_sd.o
 .text.SD_CheckPower
                0x0000000008010c60       0x18 ./SD_card/fatfs_sd.o
 .text.SD_RxDataBlock
                0x0000000008010c78       0x5c ./SD_card/fatfs_sd.o
 .text.SD_TxDataBlock
                0x0000000008010cd4       0x86 ./SD_card/fatfs_sd.o
 .text.SD_SendCmd
                0x0000000008010d5a       0xa8 ./SD_card/fatfs_sd.o
 *fill*         0x0000000008010e02        0x2 
 .text.SD_disk_initialize
                0x0000000008010e04      0x1cc ./SD_card/fatfs_sd.o
                0x0000000008010e04                SD_disk_initialize
 .text.SD_disk_status
                0x0000000008010fd0       0x2c ./SD_card/fatfs_sd.o
                0x0000000008010fd0                SD_disk_status
 .text.SD_disk_read
                0x0000000008010ffc       0xd4 ./SD_card/fatfs_sd.o
                0x0000000008010ffc                SD_disk_read
 .text.SD_disk_write
                0x00000000080110d0      0x108 ./SD_card/fatfs_sd.o
                0x00000000080110d0                SD_disk_write
 .text.SD_disk_ioctl
                0x00000000080111d8      0x258 ./SD_card/fatfs_sd.o
                0x00000000080111d8                SD_disk_ioctl
 .text._getpid  0x0000000008011430       0x10 ./UART/syscalls.o
                0x0000000008011430                _getpid
 .text._kill    0x0000000008011440       0x20 ./UART/syscalls.o
                0x0000000008011440                _kill
 .text._exit    0x0000000008011460       0x14 ./UART/syscalls.o
                0x0000000008011460                _exit
 .text._read    0x0000000008011474       0x3a ./UART/syscalls.o
                0x0000000008011474                _read
 .text._close   0x00000000080114ae       0x18 ./UART/syscalls.o
                0x00000000080114ae                _close
 .text._fstat   0x00000000080114c6       0x20 ./UART/syscalls.o
                0x00000000080114c6                _fstat
 .text._isatty  0x00000000080114e6       0x16 ./UART/syscalls.o
                0x00000000080114e6                _isatty
 .text._lseek   0x00000000080114fc       0x1a ./UART/syscalls.o
                0x00000000080114fc                _lseek
 .text.__cvt    0x0000000008011516       0xc4 C:/ST/STM32CubeIDE_1.13.1/STM32CubeIDE/plugins/com.st.stm32cube.ide.mcu.externaltools.gnu-tools-for-stm32.11.3.rel1.win32_1.1.0.202305231506/tools/bin/../lib/gcc/arm-none-eabi/11.3.1/../../../../arm-none-eabi/lib/thumb/v7e-m+fp/hard\libc_nano.a(libc_a-nano-vfprintf_float.o)
                0x0000000008011516                __cvt
 .text.__exponent
                0x00000000080115da       0x7c C:/ST/STM32CubeIDE_1.13.1/STM32CubeIDE/plugins/com.st.stm32cube.ide.mcu.externaltools.gnu-tools-for-stm32.11.3.rel1.win32_1.1.0.202305231506/tools/bin/../lib/gcc/arm-none-eabi/11.3.1/../../../../arm-none-eabi/lib/thumb/v7e-m+fp/hard\libc_nano.a(libc_a-nano-vfprintf_float.o)
                0x00000000080115da                __exponent
 *fill*         0x0000000008011656        0x2 
 .text._printf_float
                0x0000000008011658      0x46c C:/ST/STM32CubeIDE_1.13.1/STM32CubeIDE/plugins/com.st.stm32cube.ide.mcu.externaltools.gnu-tools-for-stm32.11.3.rel1.win32_1.1.0.202305231506/tools/bin/../lib/gcc/arm-none-eabi/11.3.1/../../../../arm-none-eabi/lib/thumb/v7e-m+fp/hard\libc_nano.a(libc_a-nano-vfprintf_float.o)
                0x0000000008011658                _printf_float
 .text._printf_common
                0x0000000008011ac4       0xda C:/ST/STM32CubeIDE_1.13.1/STM32CubeIDE/plugins/com.st.stm32cube.ide.mcu.externaltools.gnu-tools-for-stm32.11.3.rel1.win32_1.1.0.202305231506/tools/bin/../lib/gcc/arm-none-eabi/11.3.1/../../../../arm-none-eabi/lib/thumb/v7e-m+fp/hard\libc_nano.a(libc_a-nano-vfprintf_i.o)
                0x0000000008011ac4                _printf_common
 *fill*         0x0000000008011b9e        0x2 
 .text._printf_i
                0x0000000008011ba0      0x244 C:/ST/STM32CubeIDE_1.13.1/STM32CubeIDE/plugins/com.st.stm32cube.ide.mcu.externaltools.gnu-tools-for-stm32.11.3.rel1.win32_1.1.0.202305231506/tools/bin/../lib/gcc/arm-none-eabi/11.3.1/../../../../arm-none-eabi/lib/thumb/v7e-m+fp/hard\libc_nano.a(libc_a-nano-vfprintf_i.o)
                0x0000000008011ba0                _printf_i
 .text.std      0x0000000008011de4       0x48 C:/ST/STM32CubeIDE_1.13.1/STM32CubeIDE/plugins/com.st.stm32cube.ide.mcu.externaltools.gnu-tools-for-stm32.11.3.rel1.win32_1.1.0.202305231506/tools/bin/../lib/gcc/arm-none-eabi/11.3.1/../../../../arm-none-eabi/lib/thumb/v7e-m+fp/hard\libc_nano.a(libc_a-findfp.o)
 .text.stdio_exit_handler
                0x0000000008011e2c       0x18 C:/ST/STM32CubeIDE_1.13.1/STM32CubeIDE/plugins/com.st.stm32cube.ide.mcu.externaltools.gnu-tools-for-stm32.11.3.rel1.win32_1.1.0.202305231506/tools/bin/../lib/gcc/arm-none-eabi/11.3.1/../../../../arm-none-eabi/lib/thumb/v7e-m+fp/hard\libc_nano.a(libc_a-findfp.o)
 .text.cleanup_stdio
                0x0000000008011e44       0x40 C:/ST/STM32CubeIDE_1.13.1/STM32CubeIDE/plugins/com.st.stm32cube.ide.mcu.externaltools.gnu-tools-for-stm32.11.3.rel1.win32_1.1.0.202305231506/tools/bin/../lib/gcc/arm-none-eabi/11.3.1/../../../../arm-none-eabi/lib/thumb/v7e-m+fp/hard\libc_nano.a(libc_a-findfp.o)
 .text.global_stdio_init.part.0
                0x0000000008011e84       0x3c C:/ST/STM32CubeIDE_1.13.1/STM32CubeIDE/plugins/com.st.stm32cube.ide.mcu.externaltools.gnu-tools-for-stm32.11.3.rel1.win32_1.1.0.202305231506/tools/bin/../lib/gcc/arm-none-eabi/11.3.1/../../../../arm-none-eabi/lib/thumb/v7e-m+fp/hard\libc_nano.a(libc_a-findfp.o)
 .text.__sfp_lock_acquire
                0x0000000008011ec0        0xc C:/ST/STM32CubeIDE_1.13.1/STM32CubeIDE/plugins/com.st.stm32cube.ide.mcu.externaltools.gnu-tools-for-stm32.11.3.rel1.win32_1.1.0.202305231506/tools/bin/../lib/gcc/arm-none-eabi/11.3.1/../../../../arm-none-eabi/lib/thumb/v7e-m+fp/hard\libc_nano.a(libc_a-findfp.o)
                0x0000000008011ec0                __sfp_lock_acquire
 .text.__sfp_lock_release
                0x0000000008011ecc        0xc C:/ST/STM32CubeIDE_1.13.1/STM32CubeIDE/plugins/com.st.stm32cube.ide.mcu.externaltools.gnu-tools-for-stm32.11.3.rel1.win32_1.1.0.202305231506/tools/bin/../lib/gcc/arm-none-eabi/11.3.1/../../../../arm-none-eabi/lib/thumb/v7e-m+fp/hard\libc_nano.a(libc_a-findfp.o)
                0x0000000008011ecc                __sfp_lock_release
 .text.__sinit  0x0000000008011ed8       0x30 C:/ST/STM32CubeIDE_1.13.1/STM32CubeIDE/plugins/com.st.stm32cube.ide.mcu.externaltools.gnu-tools-for-stm32.11.3.rel1.win32_1.1.0.202305231506/tools/bin/../lib/gcc/arm-none-eabi/11.3.1/../../../../arm-none-eabi/lib/thumb/v7e-m+fp/hard\libc_nano.a(libc_a-findfp.o)
                0x0000000008011ed8                __sinit
 .text._fwalk_sglue
                0x0000000008011f08       0x3c C:/ST/STM32CubeIDE_1.13.1/STM32CubeIDE/plugins/com.st.stm32cube.ide.mcu.externaltools.gnu-tools-for-stm32.11.3.rel1.win32_1.1.0.202305231506/tools/bin/../lib/gcc/arm-none-eabi/11.3.1/../../../../arm-none-eabi/lib/thumb/v7e-m+fp/hard\libc_nano.a(libc_a-fwalk.o)
                0x0000000008011f08                _fwalk_sglue
 .text.sprintf  0x0000000008011f44       0x40 C:/ST/STM32CubeIDE_1.13.1/STM32CubeIDE/plugins/com.st.stm32cube.ide.mcu.externaltools.gnu-tools-for-stm32.11.3.rel1.win32_1.1.0.202305231506/tools/bin/../lib/gcc/arm-none-eabi/11.3.1/../../../../arm-none-eabi/lib/thumb/v7e-m+fp/hard\libc_nano.a(libc_a-sprintf.o)
                0x0000000008011f44                siprintf
                0x0000000008011f44                sprintf
 .text.__sread  0x0000000008011f84       0x22 C:/ST/STM32CubeIDE_1.13.1/STM32CubeIDE/plugins/com.st.stm32cube.ide.mcu.externaltools.gnu-tools-for-stm32.11.3.rel1.win32_1.1.0.202305231506/tools/bin/../lib/gcc/arm-none-eabi/11.3.1/../../../../arm-none-eabi/lib/thumb/v7e-m+fp/hard\libc_nano.a(libc_a-stdio.o)
                0x0000000008011f84                __sread
 .text.__swrite
                0x0000000008011fa6       0x38 C:/ST/STM32CubeIDE_1.13.1/STM32CubeIDE/plugins/com.st.stm32cube.ide.mcu.externaltools.gnu-tools-for-stm32.11.3.rel1.win32_1.1.0.202305231506/tools/bin/../lib/gcc/arm-none-eabi/11.3.1/../../../../arm-none-eabi/lib/thumb/v7e-m+fp/hard\libc_nano.a(libc_a-stdio.o)
                0x0000000008011fa6                __swrite
 .text.__sseek  0x0000000008011fde       0x24 C:/ST/STM32CubeIDE_1.13.1/STM32CubeIDE/plugins/com.st.stm32cube.ide.mcu.externaltools.gnu-tools-for-stm32.11.3.rel1.win32_1.1.0.202305231506/tools/bin/../lib/gcc/arm-none-eabi/11.3.1/../../../../arm-none-eabi/lib/thumb/v7e-m+fp/hard\libc_nano.a(libc_a-stdio.o)
                0x0000000008011fde                __sseek
 .text.__sclose
                0x0000000008012002        0x8 C:/ST/STM32CubeIDE_1.13.1/STM32CubeIDE/plugins/com.st.stm32cube.ide.mcu.externaltools.gnu-tools-for-stm32.11.3.rel1.win32_1.1.0.202305231506/tools/bin/../lib/gcc/arm-none-eabi/11.3.1/../../../../arm-none-eabi/lib/thumb/v7e-m+fp/hard\libc_nano.a(libc_a-stdio.o)
                0x0000000008012002                __sclose
 .text.memset   0x000000000801200a       0x10 C:/ST/STM32CubeIDE_1.13.1/STM32CubeIDE/plugins/com.st.stm32cube.ide.mcu.externaltools.gnu-tools-for-stm32.11.3.rel1.win32_1.1.0.202305231506/tools/bin/../lib/gcc/arm-none-eabi/11.3.1/../../../../arm-none-eabi/lib/thumb/v7e-m+fp/hard\libc_nano.a(libc_a-memset.o)
                0x000000000801200a                memset
 *fill*         0x000000000801201a        0x2 
 .text._localeconv_r
                0x000000000801201c        0x8 C:/ST/STM32CubeIDE_1.13.1/STM32CubeIDE/plugins/com.st.stm32cube.ide.mcu.externaltools.gnu-tools-for-stm32.11.3.rel1.win32_1.1.0.202305231506/tools/bin/../lib/gcc/arm-none-eabi/11.3.1/../../../../arm-none-eabi/lib/thumb/v7e-m+fp/hard\libc_nano.a(libc_a-localeconv.o)
                0x000000000801201c                _localeconv_r
 .text._close_r
                0x0000000008012024       0x20 C:/ST/STM32CubeIDE_1.13.1/STM32CubeIDE/plugins/com.st.stm32cube.ide.mcu.externaltools.gnu-tools-for-stm32.11.3.rel1.win32_1.1.0.202305231506/tools/bin/../lib/gcc/arm-none-eabi/11.3.1/../../../../arm-none-eabi/lib/thumb/v7e-m+fp/hard\libc_nano.a(libc_a-closer.o)
                0x0000000008012024                _close_r
 .text._reclaim_reent
                0x0000000008012044       0xac C:/ST/STM32CubeIDE_1.13.1/STM32CubeIDE/plugins/com.st.stm32cube.ide.mcu.externaltools.gnu-tools-for-stm32.11.3.rel1.win32_1.1.0.202305231506/tools/bin/../lib/gcc/arm-none-eabi/11.3.1/../../../../arm-none-eabi/lib/thumb/v7e-m+fp/hard\libc_nano.a(libc_a-reent.o)
                0x0000000008012044                _reclaim_reent
 .text._lseek_r
                0x00000000080120f0       0x24 C:/ST/STM32CubeIDE_1.13.1/STM32CubeIDE/plugins/com.st.stm32cube.ide.mcu.externaltools.gnu-tools-for-stm32.11.3.rel1.win32_1.1.0.202305231506/tools/bin/../lib/gcc/arm-none-eabi/11.3.1/../../../../arm-none-eabi/lib/thumb/v7e-m+fp/hard\libc_nano.a(libc_a-lseekr.o)
                0x00000000080120f0                _lseek_r
 .text._read_r  0x0000000008012114       0x24 C:/ST/STM32CubeIDE_1.13.1/STM32CubeIDE/plugins/com.st.stm32cube.ide.mcu.externaltools.gnu-tools-for-stm32.11.3.rel1.win32_1.1.0.202305231506/tools/bin/../lib/gcc/arm-none-eabi/11.3.1/../../../../arm-none-eabi/lib/thumb/v7e-m+fp/hard\libc_nano.a(libc_a-readr.o)
                0x0000000008012114                _read_r
 .text._write_r
                0x0000000008012138       0x24 C:/ST/STM32CubeIDE_1.13.1/STM32CubeIDE/plugins/com.st.stm32cube.ide.mcu.externaltools.gnu-tools-for-stm32.11.3.rel1.win32_1.1.0.202305231506/tools/bin/../lib/gcc/arm-none-eabi/11.3.1/../../../../arm-none-eabi/lib/thumb/v7e-m+fp/hard\libc_nano.a(libc_a-writer.o)
                0x0000000008012138                _write_r
 .text.__errno  0x000000000801215c        0xc C:/ST/STM32CubeIDE_1.13.1/STM32CubeIDE/plugins/com.st.stm32cube.ide.mcu.externaltools.gnu-tools-for-stm32.11.3.rel1.win32_1.1.0.202305231506/tools/bin/../lib/gcc/arm-none-eabi/11.3.1/../../../../arm-none-eabi/lib/thumb/v7e-m+fp/hard\libc_nano.a(libc_a-errno.o)
                0x000000000801215c                __errno
 .text.__libc_init_array
                0x0000000008012168       0x48 C:/ST/STM32CubeIDE_1.13.1/STM32CubeIDE/plugins/com.st.stm32cube.ide.mcu.externaltools.gnu-tools-for-stm32.11.3.rel1.win32_1.1.0.202305231506/tools/bin/../lib/gcc/arm-none-eabi/11.3.1/../../../../arm-none-eabi/lib/thumb/v7e-m+fp/hard\libc_nano.a(libc_a-init.o)
                0x0000000008012168                __libc_init_array
 .text.__retarget_lock_acquire_recursive
                0x00000000080121b0        0x2 C:/ST/STM32CubeIDE_1.13.1/STM32CubeIDE/plugins/com.st.stm32cube.ide.mcu.externaltools.gnu-tools-for-stm32.11.3.rel1.win32_1.1.0.202305231506/tools/bin/../lib/gcc/arm-none-eabi/11.3.1/../../../../arm-none-eabi/lib/thumb/v7e-m+fp/hard\libc_nano.a(libc_a-lock.o)
                0x00000000080121b0                __retarget_lock_acquire_recursive
 .text.__retarget_lock_release_recursive
                0x00000000080121b2        0x2 C:/ST/STM32CubeIDE_1.13.1/STM32CubeIDE/plugins/com.st.stm32cube.ide.mcu.externaltools.gnu-tools-for-stm32.11.3.rel1.win32_1.1.0.202305231506/tools/bin/../lib/gcc/arm-none-eabi/11.3.1/../../../../arm-none-eabi/lib/thumb/v7e-m+fp/hard\libc_nano.a(libc_a-lock.o)
                0x00000000080121b2                __retarget_lock_release_recursive
 .text.memcpy   0x00000000080121b4       0x1c C:/ST/STM32CubeIDE_1.13.1/STM32CubeIDE/plugins/com.st.stm32cube.ide.mcu.externaltools.gnu-tools-for-stm32.11.3.rel1.win32_1.1.0.202305231506/tools/bin/../lib/gcc/arm-none-eabi/11.3.1/../../../../arm-none-eabi/lib/thumb/v7e-m+fp/hard\libc_nano.a(libc_a-memcpy-stub.o)
                0x00000000080121b4                memcpy
 .text.quorem   0x00000000080121d0      0x110 C:/ST/STM32CubeIDE_1.13.1/STM32CubeIDE/plugins/com.st.stm32cube.ide.mcu.externaltools.gnu-tools-for-stm32.11.3.rel1.win32_1.1.0.202305231506/tools/bin/../lib/gcc/arm-none-eabi/11.3.1/../../../../arm-none-eabi/lib/thumb/v7e-m+fp/hard\libc_nano.a(libc_a-dtoa.o)
 .text._dtoa_r  0x00000000080122e0      0xbe4 C:/ST/STM32CubeIDE_1.13.1/STM32CubeIDE/plugins/com.st.stm32cube.ide.mcu.externaltools.gnu-tools-for-stm32.11.3.rel1.win32_1.1.0.202305231506/tools/bin/../lib/gcc/arm-none-eabi/11.3.1/../../../../arm-none-eabi/lib/thumb/v7e-m+fp/hard\libc_nano.a(libc_a-dtoa.o)
                0x00000000080122e0                _dtoa_r
 .text._free_r  0x0000000008012ec4       0x98 C:/ST/STM32CubeIDE_1.13.1/STM32CubeIDE/plugins/com.st.stm32cube.ide.mcu.externaltools.gnu-tools-for-stm32.11.3.rel1.win32_1.1.0.202305231506/tools/bin/../lib/gcc/arm-none-eabi/11.3.1/../../../../arm-none-eabi/lib/thumb/v7e-m+fp/hard\libc_nano.a(libc_a-freer.o)
                0x0000000008012ec4                _free_r
 .text.malloc   0x0000000008012f5c       0x10 C:/ST/STM32CubeIDE_1.13.1/STM32CubeIDE/plugins/com.st.stm32cube.ide.mcu.externaltools.gnu-tools-for-stm32.11.3.rel1.win32_1.1.0.202305231506/tools/bin/../lib/gcc/arm-none-eabi/11.3.1/../../../../arm-none-eabi/lib/thumb/v7e-m+fp/hard\libc_nano.a(libc_a-malloc.o)
                0x0000000008012f5c                malloc
 .text.sbrk_aligned
                0x0000000008012f6c       0x40 C:/ST/STM32CubeIDE_1.13.1/STM32CubeIDE/plugins/com.st.stm32cube.ide.mcu.externaltools.gnu-tools-for-stm32.11.3.rel1.win32_1.1.0.202305231506/tools/bin/../lib/gcc/arm-none-eabi/11.3.1/../../../../arm-none-eabi/lib/thumb/v7e-m+fp/hard\libc_nano.a(libc_a-mallocr.o)
 .text._malloc_r
                0x0000000008012fac      0x100 C:/ST/STM32CubeIDE_1.13.1/STM32CubeIDE/plugins/com.st.stm32cube.ide.mcu.externaltools.gnu-tools-for-stm32.11.3.rel1.win32_1.1.0.202305231506/tools/bin/../lib/gcc/arm-none-eabi/11.3.1/../../../../arm-none-eabi/lib/thumb/v7e-m+fp/hard\libc_nano.a(libc_a-mallocr.o)
                0x0000000008012fac                _malloc_r
 .text.__malloc_lock
                0x00000000080130ac        0xc C:/ST/STM32CubeIDE_1.13.1/STM32CubeIDE/plugins/com.st.stm32cube.ide.mcu.externaltools.gnu-tools-for-stm32.11.3.rel1.win32_1.1.0.202305231506/tools/bin/../lib/gcc/arm-none-eabi/11.3.1/../../../../arm-none-eabi/lib/thumb/v7e-m+fp/hard\libc_nano.a(libc_a-mlock.o)
                0x00000000080130ac                __malloc_lock
 .text.__malloc_unlock
                0x00000000080130b8        0xc C:/ST/STM32CubeIDE_1.13.1/STM32CubeIDE/plugins/com.st.stm32cube.ide.mcu.externaltools.gnu-tools-for-stm32.11.3.rel1.win32_1.1.0.202305231506/tools/bin/../lib/gcc/arm-none-eabi/11.3.1/../../../../arm-none-eabi/lib/thumb/v7e-m+fp/hard\libc_nano.a(libc_a-mlock.o)
                0x00000000080130b8                __malloc_unlock